Component: ARM Compiler 5.06 update 7 (build 960) Tool: armlink [4d3601]

==============================================================================

Section Cross References

    startup_stm32f030x8.o(STACK) refers (Special) to heapauxi.o(.text) for __use_two_region_memory
    startup_stm32f030x8.o(HEAP) refers (Special) to heapauxi.o(.text) for __use_two_region_memory
    startup_stm32f030x8.o(RESET) refers (Special) to heapauxi.o(.text) for __use_two_region_memory
    startup_stm32f030x8.o(RESET) refers to startup_stm32f030x8.o(STACK) for __initial_sp
    startup_stm32f030x8.o(RESET) refers to startup_stm32f030x8.o(.text) for Reset_Handler
    startup_stm32f030x8.o(RESET) refers to stm32f0xx_it.o(i.NMI_Handler) for NMI_Handler
    startup_stm32f030x8.o(RESET) refers to stm32f0xx_it.o(i.HardFault_Handler) for HardFault_Handler
    startup_stm32f030x8.o(RESET) refers to stm32f0xx_it.o(i.SVC_Handler) for SVC_Handler
    startup_stm32f030x8.o(RESET) refers to stm32f0xx_it.o(i.PendSV_Handler) for PendSV_Handler
    startup_stm32f030x8.o(RESET) refers to stm32f0xx_it.o(i.SysTick_Handler) for SysTick_Handler
    startup_stm32f030x8.o(RESET) refers to stm32f0xx_it.o(i.DMA1_Channel2_3_IRQHandler) for DMA1_Channel2_3_IRQHandler
    startup_stm32f030x8.o(RESET) refers to stm32f0xx_it.o(i.DMA1_Channel4_5_IRQHandler) for DMA1_Channel4_5_IRQHandler
    startup_stm32f030x8.o(RESET) refers to stm32f0xx_it.o(i.SPI1_IRQHandler) for SPI1_IRQHandler
    startup_stm32f030x8.o(RESET) refers to stm32f0xx_it.o(i.USART1_IRQHandler) for USART1_IRQHandler
    startup_stm32f030x8.o(.text) refers (Special) to heapauxi.o(.text) for __use_two_region_memory
    startup_stm32f030x8.o(.text) refers to system_stm32f0xx.o(i.SystemInit) for SystemInit
    startup_stm32f030x8.o(.text) refers to __main.o(!!!main) for __main
    startup_stm32f030x8.o(.text) refers to startup_stm32f030x8.o(HEAP) for Heap_Mem
    startup_stm32f030x8.o(.text) refers to startup_stm32f030x8.o(STACK) for Stack_Mem
    main.o(i.HAL_UART_RxCpltCallback) refers to main.o(.data) for .data
    main.o(i.PreSetPixelColor) refers to main.o(i.generate_ws_buffer) for generate_ws_buffer
    main.o(i.Send_2812) refers to stm32f0xx_hal_spi.o(i.HAL_SPI_Transmit_DMA) for HAL_SPI_Transmit_DMA
    main.o(i.Send_2812) refers to main.o(.bss) for .bss
    main.o(i.Send_2812) refers to spi.o(.bss) for hspi1
    main.o(i.SystemClock_Config) refers to rt_memclr.o(.text) for __aeabi_memclr4
    main.o(i.SystemClock_Config) refers to stm32f0xx_hal_rcc.o(i.HAL_RCC_OscConfig) for HAL_RCC_OscConfig
    main.o(i.SystemClock_Config) refers to stm32f0xx_hal_rcc.o(i.HAL_RCC_ClockConfig) for HAL_RCC_ClockConfig
    main.o(i.SystemClock_Config) refers to stm32f0xx_hal_rcc_ex.o(i.HAL_RCCEx_PeriphCLKConfig) for HAL_RCCEx_PeriphCLKConfig
    main.o(i.breathe_effect) refers to main.o(i.resetPixelColors) for resetPixelColors
    main.o(i.breathe_effect) refers to fdiv.o(.text) for __aeabi_fdiv
    main.o(i.breathe_effect) refers to faddsub.o(x$fpl$fsub) for __aeabi_fsub
    main.o(i.breathe_effect) refers to f2d.o(.text) for __aeabi_f2d
    main.o(i.breathe_effect) refers to pow.o(i.pow) for pow
    main.o(i.breathe_effect) refers to dmul.o(.text) for __aeabi_dmul
    main.o(i.breathe_effect) refers to exp.o(i.exp) for exp
    main.o(i.breathe_effect) refers to d2f.o(.text) for __aeabi_d2f
    main.o(i.breathe_effect) refers to ffixui.o(.text) for __aeabi_f2uiz
    main.o(i.breathe_effect) refers to main.o(i.setAllPixelColor) for setAllPixelColor
    main.o(i.breathe_effect) refers to stm32f0xx_hal.o(i.HAL_Delay) for HAL_Delay
    main.o(i.breathe_effect) refers to faddsub.o(x$fpl$fadd) for __aeabi_fadd
    main.o(i.breathe_effect) refers to main.o(.data) for .data
    main.o(i.encode_byte) refers to main.o(.constdata) for .constdata
    main.o(i.encode_byte) refers to main.o(.bss) for .bss
    main.o(i.generate_ws_buffer) refers to main.o(i.encode_byte) for encode_byte
    main.o(i.initLEDMOSI) refers to stm32f0xx_hal_spi.o(i.HAL_SPI_Transmit) for HAL_SPI_Transmit
    main.o(i.initLEDMOSI) refers to stm32f0xx_hal.o(i.HAL_Delay) for HAL_Delay
    main.o(i.initLEDMOSI) refers to spi.o(.bss) for hspi1
    main.o(i.main) refers to stm32f0xx_hal.o(i.HAL_Init) for HAL_Init
    main.o(i.main) refers to main.o(i.SystemClock_Config) for SystemClock_Config
    main.o(i.main) refers to gpio.o(i.MX_GPIO_Init) for MX_GPIO_Init
    main.o(i.main) refers to dma.o(i.MX_DMA_Init) for MX_DMA_Init
    main.o(i.main) refers to spi.o(i.MX_SPI1_Init) for MX_SPI1_Init
    main.o(i.main) refers to usart.o(i.MX_USART1_UART_Init) for MX_USART1_UART_Init
    main.o(i.main) refers to main.o(i.initLEDMOSI) for initLEDMOSI
    main.o(i.main) refers to main.o(i.resetPixelColors) for resetPixelColors
    main.o(i.main) refers to main.o(i.setPixelColor) for setPixelColor
    main.o(i.main) refers to main.o(i.rainbow_effect_right) for rainbow_effect_right
[...]
    ../clib/signal.c                         0x00000000   Number         0  defsig_rtmem_formal.o ABSOLUTE
    ../clib/signal.c                         0x00000000   Number         0  defsig_rtmem_outer.o ABSOLUTE
    ../clib/signal.c                         0x00000000   Number         0  defsig_fpe_outer.o ABSOLUTE
    ../clib/signal.c                         0x00000000   Number         0  defsig_segv_inner.o ABSOLUTE
    ../clib/signal.c                         0x00000000   Number         0  defsig_rtred_inner.o ABSOLUTE
    ../clib/signal.c                         0x00000000   Number         0  defsig_other.o ABSOLUTE
    ../clib/signal.c                         0x00000000   Number         0  defsig_abrt_inner.o ABSOLUTE
    ../clib/signal.c                         0x00000000   Number         0  defsig_fpe_inner.o ABSOLUTE
    ../clib/signal.c                         0x00000000   Number         0  defsig_exit.o ABSOLUTE
    ../clib/signal.s                         0x00000000   Number         0  defsig.o ABSOLUTE
    ../clib/stdlib.c                         0x00000000   Number         0  exit.o ABSOLUTE
    ../fplib/cfplib/cmpret.c                 0x00000000   Number         0  cmpret.o ABSOLUTE
    ../fplib/cfplib/d2f.c                    0x00000000   Number         0  d2f.o ABSOLUTE
    ../fplib/cfplib/daddsub.c                0x00000000   Number         0  daddsub.o ABSOLUTE
    ../fplib/cfplib/dcmpin.c                 0x00000000   Number         0  dcmpin.o ABSOLUTE
    ../fplib/cfplib/ddiv.c                   0x00000000   Number         0  ddiv.o ABSOLUTE
    ../fplib/cfplib/dmul.c                   0x00000000   Number         0  dmul.o ABSOLUTE
    ../fplib/cfplib/dsqrt.c                  0x00000000   Number         0  dsqrt.o ABSOLUTE
    ../fplib/cfplib/f2d.c                    0x00000000   Number         0  f2d.o ABSOLUTE
    ../fplib/cfplib/fdiv.c                   0x00000000   Number         0  fdiv.o ABSOLUTE
    ../fplib/cfplib/ffix.c                   0x00000000   Number         0  dfixui.o ABSOLUTE
    ../fplib/cfplib/ffix.c                   0x00000000   Number         0  ffixui.o ABSOLUTE
    ../fplib/cfplib/ffix.c                   0x00000000   Number         0  dfixi.o ABSOLUTE
    ../fplib/cfplib/fflt.c                   0x00000000   Number         0  fflti.o ABSOLUTE
    ../fplib/cfplib/fflt.c                   0x00000000   Number         0  dflti.o ABSOLUTE
    ../fplib/cfplib/fpinit.c                 0x00000000   Number         0  fpinit.o ABSOLUTE
    ../fplib/cfplib/nan2.c                   0x00000000   Number         0  dnan2.o ABSOLUTE
    ../fplib/cfplib/retnan.c                 0x00000000   Number         0  retnan.o ABSOLUTE
    ../fplib/cfplib/scalbn.c                 0x00000000   Number         0  dscalbn.o ABSOLUTE
    ../fplib/dleqf6m.s                       0x00000000   Number         0  dlef.o ABSOLUTE
    ../fplib/drleqf6m.s                      0x00000000   Number         0  drlef.o ABSOLUTE
    ../fplib/faddsub6m.s                     0x00000000   Number         0  faddsub.o ABSOLUTE
    ../fplib/fmul6m.s                        0x00000000   Number         0  fmul.o ABSOLUTE
    ../fplib/usenofp.s                       0x00000000   Number         0  usenofp.o ABSOLUTE
    ../mathlib/dunder.c                      0x00000000   Number         0  dunder.o ABSOLUTE
    ../mathlib/exp.c                         0x00000000   Number         0  exp_x.o ABSOLUTE
    ../mathlib/exp.c                         0x00000000   Number         0  exp.o ABSOLUTE
    ../mathlib/fpclassify.c                  0x00000000   Number         0  fpclassify.o ABSOLUTE
    ../mathlib/poly.c                        0x00000000   Number         0  poly.o ABSOLUTE
    ../mathlib/pow.c                         0x00000000   Number         0  pow_x.o ABSOLUTE
    ../mathlib/pow.c                         0x00000000   Number         0  pow.o ABSOLUTE
    ../mathlib/qnan.c                        0x00000000   Number         0  qnan.o ABSOLUTE
    ../mathlib/sqrt.c                        0x00000000   Number         0  sqrt.o ABSOLUTE
    ../mathlib/sqrt.c                        0x00000000   Number         0  sqrt_x.o ABSOLUTE
    ..\Core\Src\dma.c                        0x00000000   Number         0  dma.o ABSOLUTE
    ..\Core\Src\gpio.c                       0x00000000   Number         0  gpio.o ABSOLUTE
    ..\Core\Src\main.c                       0x00000000   Number         0  main.o ABSOLUTE
    ..\Core\Src\spi.c                        0x00000000   Number         0  spi.o ABSOLUTE
    ..\Core\Src\stm32f0xx_hal_msp.c          0x00000000   Number         0  stm32f0xx_hal_msp.o ABSOLUTE
    ..\Core\Src\stm32f0xx_it.c               0x00000000   Number         0  stm32f0xx_it.o ABSOLUTE
    ..\Core\Src\system_stm32f0xx.c           0x00000000   Number         0  system_stm32f0xx.o ABSOLUTE
    ..\Core\Src\usart.c                      0x00000000   Number         0  usart.o ABSOLUTE
    ..\Drivers\STM32F0xx_HAL_Driver\Src\stm32f0xx_hal.c 0x00000000   Number         0  stm32f0xx_hal.o ABSOLUTE
    ..\Drivers\STM32F0xx_HAL_Driver\Src\stm32f0xx_hal_cortex.c 0x00000000   Number         0  stm32f0xx_hal_cortex.o ABSOLUTE
    ..\Drivers\STM32F0xx_HAL_Driver\Src\stm32f0xx_hal_dma.c 0x00000000   Number         0  stm32f0xx_hal_dma.o ABSOLUTE
    ..\Drivers\STM32F0xx_HAL_Driver\Src\stm32f0xx_hal_exti.c 0x00000000   Number         0  stm32f0xx_hal_exti.o ABSOLUTE
    ..\Drivers\STM32F0xx_HAL_Driver\Src\stm32f0xx_hal_flash.c 0x00000000   Number         0  stm32f0xx_hal_flash.o ABSOLUTE
    ..\Drivers\STM32F0xx_HAL_Driver\Src\stm32f0xx_hal_flash_ex.c 0x00000000   Number         0  stm32f0xx_hal_flash_ex.o ABSOLUTE
    ..\Drivers\STM32F0xx_HAL_Driver\Src\stm32f0xx_hal_gpio.c 0x00000000   Number         0  stm32f0xx_hal_gpio.o ABSOLUTE
    ..\Drivers\STM32F0xx_HAL_Driver\Src\stm32f0xx_hal_i2c.c 0x00000000   Number         0  stm32f0xx_hal_i2c.o ABSOLUTE
    ..\Drivers\STM32F0xx_HAL_Driver\Src\stm32f0xx_hal_i2c_ex.c 0x00000000   Number         0  stm32f0xx_hal_i2c_ex.o ABSOLUTE
    ..\Drivers\STM32F0xx_HAL_Driver\Src\stm32f0xx_hal_pwr.c 0x00000000   Number         0  stm32f0xx_hal_pwr.o ABSOLUTE
    ..\Drivers\STM32F0xx_HAL_Driver\Src\stm32f0xx_hal_pwr_ex.c 0x00000000   Number         0  stm32f0xx_hal_pwr_ex.o ABSOLUTE
    ..\Drivers\STM32F0xx_HAL_Driver\Src\stm32f0xx_hal_rcc.c 0x00000000   Number         0  stm32f0xx_hal_rcc.o ABSOLUTE
    ..\Drivers\STM32F0xx_HAL_Driver\Src\stm32f0xx_hal_rcc_ex.c 0x00000000   Number         0  stm32f0xx_hal_rcc_ex.o ABSOLUTE
    ..\Drivers\STM32F0xx_HAL_Driver\Src\stm32f0xx_hal_spi.c 0x00000000   Number         0  stm32f0xx_hal_spi.o ABSOLUTE
    ..\Drivers\STM32F0xx_HAL_Driver\Src\stm32f0xx_hal_spi_ex.c 0x00000000   Number         0  stm32f0xx_hal_spi_ex.o ABSOLUTE
    ..\Drivers\STM32F0xx_HAL_Driver\Src\stm32f0xx_hal_tim.c 0x00000000   Number         0  stm32f0xx_hal_tim.o ABSOLUTE
    ..\Drivers\STM32F0xx_HAL_Driver\Src\stm32f0xx_hal_tim_ex.c 0x00000000   Number         0  stm32f0xx_hal_tim_ex.o ABSOLUTE
    ..\Drivers\STM32F0xx_HAL_Driver\Src\stm32f0xx_hal_uart.c 0x00000000   Number         0  stm32f0xx_hal_uart.o ABSOLUTE
    ..\Drivers\STM32F0xx_HAL_Driver\Src\stm32f0xx_hal_uart_ex.c 0x00000000   Number         0  stm32f0xx_hal_uart_ex.o ABSOLUTE
    dc.s                                     0x00000000   Number         0  dc.o ABSOLUTE
    startup_stm32f030x8.s                    0x00000000   Number         0  startup_stm32f030x8.o ABSOLUTE
    RESET                                    0x08000000   Section      180  startup_stm32f030x8.o(RESET)
    !!!main                                  0x080000b4   Section        8  __main.o(!!!main)
    !!!scatter                               0x080000bc   Section       60  __scatter.o(!!!scatter)
    !!handler_copy                           0x080000f8   Section       26  __scatter_copy.o(!!handler_copy)
    !!handler_zi                             0x08000114   Section       28  __scatter_zi.o(!!handler_zi)
    .ARM.Collect$$libinit$$00000000          0x08000130   Section        2  libinit.o(.ARM.Collect$$libinit$$00000000)
    .ARM.Collect$$libinit$$00000002          0x08000132   Section        0  libinit2.o(.ARM.Collect$$libinit$$00000002)
    .ARM.Collect$$libinit$$00000004          0x08000132   Section        0  libinit2.o(.ARM.Collect$$libinit$$00000004)
    .ARM.Collect$$libinit$$0000000A          0x08000132   Section        0  libinit2.o(.ARM.Collect$$libinit$$0000000A)
    .ARM.Collect$$libinit$$0000000C          0x08000132   Section        0  libinit2.o(.ARM.Collect$$libinit$$0000000C)
    .ARM.Collect$$libinit$$0000000E          0x08000132   Section        0  libinit2.o(.ARM.Collect$$libinit$$0000000E)
    .ARM.Collect$$libinit$$00000011          0x08000132   Section        0  libinit2.o(.ARM.Collect$$libinit$$00000011)
    .ARM.Collect$$libinit$$00000013          0x08000132   Section        0  libinit2.o(.ARM.Collect$$libinit$$00000013)
    .ARM.Collect$$libinit$$00000015          0x08000132   Section        0  libinit2.o(.ARM.Collect$$libinit$$00000015)
    .ARM.Collect$$libinit$$00000017          0x08000132   Section        0  libinit2.o(.ARM.Collect$$libinit$$00000017)
    .ARM.Collect$$libinit$$00000019          0x08000132   Section        0  libinit2.o(.ARM.Collect$$libinit$$00000019)
    .ARM.Collect$$libinit$$0000001B          0x08000132   Section        0  libinit2.o(.ARM.Collect$$libinit$$0000001B)
    .ARM.Collect$$libinit$$0000001D          0x08000132   Section        0  libinit2.o(.ARM.Collect$$libinit$$0000001D)
    .ARM.Collect$$libinit$$0000001F          0x08000132   Section        0  libinit2.o(.ARM.Collect$$libinit$$0000001F)
    .ARM.Collect$$libinit$$00000021          0x08000132   Section        0  libinit2.o(.ARM.Collect$$libinit$$00000021)
    .ARM.Collect$$libinit$$00000023          0x08000132   Section        0  libinit2.o(.ARM.Collect$$libinit$$00000023)
    .ARM.Collect$$libinit$$00000025          0x08000132   Section        0  libinit2.o(.ARM.Collect$$libinit$$00000025)
    .ARM.Collect$$libinit$$0000002C          0x08000132   Section        0  libinit2.o(.ARM.Collect$$libinit$$0000002C)
    .ARM.Collect$$libinit$$0000002E          0x08000132   Section        0  libinit2.o(.ARM.Collect$$libinit$$0000002E)
    .ARM.Collect$$libinit$$00000030          0x08000132   Section        0  libinit2.o(.ARM.Collect$$libinit$$00000030)
    .ARM.Collect$$libinit$$00000032          0x08000132   Section        0  libinit2.o(.ARM.Collect$$libinit$$00000032)
    .ARM.Collect$$libinit$$00000033          0x08000132   Section        2  libinit2.o(.ARM.Collect$$libinit$$00000033)
    .ARM.Collect$$libshutdown$$00000000      0x08000134   Section        2  libshutdown.o(.ARM.Collect$$libshutdown$$00000000)
    .ARM.Collect$$libshutdown$$00000002      0x08000136   Section        0  libshutdown2.o(.ARM.Collect$$libshutdown$$00000002)
    .ARM.Collect$$libshutdown$$00000004      0x08000136   Section        0  libshutdown2.o(.ARM.Collect$$libshutdown$$00000004)
    .ARM.Collect$$libshutdown$$00000006      0x08000136   Section        0  libshutdown2.o(.ARM.Collect$$libshutdown$$00000006)
    .ARM.Collect$$libshutdown$$00000009      0x08000136   Section        0  libshutdown2.o(.ARM.Collect$$libshutdown$$00000009)
    .ARM.Collect$$libshutdown$$0000000C      0x08000136   Section        0  libshutdown2.o(.ARM.Collect$$libshutdown$$0000000C)
    .ARM.Collect$$libshutdown$$0000000E      0x08000136   Section        0  libshutdown2.o(.ARM.Collect$$libshutdown$$0000000E)
    .ARM.Collect$$libshutdown$$00000011      0x08000136   Section        0  libshutdown2.o(.ARM.Collect$$libshutdown$$00000011)
    .ARM.Collect$$libshutdown$$00000012      0x08000136   Section        2  libshutdown2.o(.ARM.Collect$$libshutdown$$00000012)
    .ARM.Collect$$rtentry$$00000000          0x08000138   Section        0  __rtentry.o(.ARM.Collect$$rtentry$$00000000)
    .ARM.Collect$$rtentry$$00000002          0x08000138   Section        0  __rtentry2.o(.ARM.Collect$$rtentry$$00000002)
    .ARM.Collect$$rtentry$$00000004          0x08000138   Section        6  __rtentry4.o(.ARM.Collect$$rtentry$$00000004)
    .ARM.Collect$$rtentry$$00000009          0x0800013e   Section        0  __rtentry2.o(.ARM.Collect$$rtentry$$00000009)
    .ARM.Collect$$rtentry$$0000000A          0x0800013e   Section        4  __rtentry2.o(.ARM.Collect$$rtentry$$0000000A)
    .ARM.Collect$$rtentry$$0000000C          0x08000142   Section        0  __rtentry2.o(.ARM.Collect$$rtentry$$0000000C)
    .ARM.Collect$$rtentry$$0000000D          0x08000142   Section        8  __rtentry2.o(.ARM.Collect$$rtentry$$0000000D)
    .ARM.Collect$$rtexit$$00000000           0x0800014a   Section        2  rtexit.o(.ARM.Collect$$rtexit$$00000000)
    .ARM.Collect$$rtexit$$00000002           0x0800014c   Section        0  rtexit2.o(.ARM.Collect$$rtexit$$00000002)
    .ARM.Collect$$rtexit$$00000003           0x0800014c   Section        4  rtexit2.o(.ARM.Collect$$rtexit$$00000003)
    .ARM.Collect$$rtexit$$00000004           0x08000150   Section        6  rtexit2.o(.ARM.Collect$$rtexit$$00000004)
    .text                                    0x08000158   Section       56  startup_stm32f030x8.o(.text)
    .text                                    0x08000190   Section        0  lludiv.o(.text)
    .text                                    0x08000292   Section        0  rt_memclr.o(.text)
    .text                                    0x080002d2   Section      346  aeabi_sdiv.o(.text)
    .text                                    0x0800042c   Section        0  heapauxi.o(.text)
    .text                                    0x08000434   Section        0  d2f.o(.text)
    .text                                    0x080004b0   Section        0  daddsub.o(.text)
    _dadd1                                   0x080004b1   Thumb Code   290  daddsub.o(.text)
    _dsub1                                   0x080005d3   Thumb Code   470  daddsub.o(.text)
    .text                                    0x08000808   Section        0  dfixui.o(.text)
    .text                                    0x08000850   Section        0  dflti.o(.text)
    .text                                    0x080008a8   Section        0  dmul.o(.text)
    .text                                    0x08000af0   Section        0  f2d.o(.text)
    .text                                    0x08000b44   Section        0  fdiv.o(.text)
    .text                                    0x08000ca4   Section        0  ffixui.o(.text)
    .text                                    0x08000cd4   Section        0  fflti.o(.text)
    .text                                    0x08000d32   Section        0  _rserrno.o(.text)
    .text                                    0x08000d48   Section        0  ddiv.o(.text)
    .text                                    0x08001190   Section        0  dfixi.o(.text)
    .text                                    0x080011fc   Section        0  dscalbn.o(.text)
    .text                                    0x0800125c   Section        8  rt_errno_addr_intlibspace.o(.text)
    .text                                    0x08001264   Section        0  dcmpin.o(.text)
    .text                                    0x080012f4   Section        0  dsqrt.o(.text)
    .text                                    0x080013f4   Section        8  libspace.o(.text)
    .text                                    0x080013fc   Section       62  sys_stackheap_outer.o(.text)
    .text                                    0x0800143a   Section        0  exit.o(.text)
    .text                                    0x0800144a   Section        0  cmpret.o(.text)
    .text                                    0x08001478   Section        0  dnan2.o(.text)
    .text                                    0x0800148c   Section        0  retnan.o(.text)
    .text                                    0x080014ec   Section        0  sys_exit.o(.text)
    .text                                    0x080014f8   Section        2  use_no_semi.o(.text)
    .text                                    0x080014fa   Section        0  indicate_semi.o(.text)
    i.DMA1_Channel2_3_IRQHandler             0x080014fc   Section        0  stm32f0xx_it.o(i.DMA1_Channel2_3_IRQHandler)
    i.DMA1_Channel4_5_IRQHandler             0x0800150c   Section        0  stm32f0xx_it.o(i.DMA1_Channel4_5_IRQHandler)
    i.DMA_CalcBaseAndBitshift                0x0800151c   Section        0  stm32f0xx_hal_dma.o(i.DMA_CalcBaseAndBitshift)
    DMA_CalcBaseAndBitshift                  0x0800151d   Thumb Code    26  stm32f0xx_hal_dma.o(i.DMA_CalcBaseAndBitshift)
    i.DMA_SetConfig                          0x08001540   Section        0  stm32f0xx_hal_dma.o(i.DMA_SetConfig)
    DMA_SetConfig                            0x08001541   Thumb Code    40  stm32f0xx_hal_dma.o(i.DMA_SetConfig)
    i.Error_Handler                          0x08001568   Section        0  main.o(i.Error_Handler)
    i.HAL_DMA_Abort                          0x0800156c   Section        0  stm32f0xx_hal_dma.o(i.HAL_DMA_Abort)
    i.HAL_DMA_Abort_IT                       0x080015ac   Section        0  stm32f0xx_hal_dma.o(i.HAL_DMA_Abort_IT)
    i.HAL_DMA_IRQHandler                     0x080015f4   Section        0  stm32f0xx_hal_dma.o(i.HAL_DMA_IRQHandler)
    i.HAL_DMA_Init                           0x08001690   Section        0  stm32f0xx_hal_dma.o(i.HAL_DMA_Init)
    i.HAL_DMA_Start_IT                       0x080016e4   Section        0  stm32f0xx_hal_dma.o(i.HAL_DMA_Start_IT)
    i.HAL_Delay                              0x08001750   Section        0  stm32f0xx_hal.o(i.HAL_Delay)
    i.HAL_GPIO_Init                          0x08001774   Section        0  stm32f0xx_hal_gpio.o(i.HAL_GPIO_Init)
    i.HAL_GPIO_WritePin                      0x08001918   Section        0  stm32f0xx_hal_gpio.o(i.HAL_GPIO_WritePin)
    i.HAL_GetTick                            0x08001924   Section        0  stm32f0xx_hal.o(i.HAL_GetTick)
    i.HAL_IncTick                            0x08001930   Section        0  stm32f0xx_hal.o(i.HAL_IncTick)
    i.HAL_Init                               0x08001940   Section        0  stm32f0xx_hal.o(i.HAL_Init)
    i.HAL_InitTick                           0x08001960   Section        0  stm32f0xx_hal.o(i.HAL_InitTick)
    i.HAL_MspInit                            0x080019a4   Section        0  stm32f0xx_hal_msp.o(i.HAL_MspInit)
    i.HAL_NVIC_EnableIRQ                     0x080019cc   Section        0  stm32f0xx_hal_cortex.o(i.HAL_NVIC_EnableIRQ)
    i.HAL_NVIC_SetPriority                   0x080019e4   Section        0  stm32f0xx_hal_cortex.o(i.HAL_NVIC_SetPriority)
    i.HAL_RCCEx_PeriphCLKConfig              0x080019ec   Section        0  stm32f0xx_hal_rcc_ex.o(i.HAL_RCCEx_PeriphCLKConfig)
    i.HAL_RCC_ClockConfig                    0x08001ad4   Section        0  stm32f0xx_hal_rcc.o(i.HAL_RCC_ClockConfig)
    i.HAL_RCC_GetPCLK1Freq                   0x08001bdc   Section        0  stm32f0xx_hal_rcc.o(i.HAL_RCC_GetPCLK1Freq)
    i.HAL_RCC_GetSysClockFreq                0x08001bfc   Section        0  stm32f0xx_hal_rcc.o(i.HAL_RCC_GetSysClockFreq)
    i.HAL_RCC_OscConfig                      0x08001c7c   Section        0  stm32f0xx_hal_rcc.o(i.HAL_RCC_OscConfig)
    i.HAL_SPI_ErrorCallback                  0x08002004   Section        0  stm32f0xx_hal_spi.o(i.HAL_SPI_ErrorCallback)
    i.HAL_SPI_IRQHandler                     0x08002008   Section        0  stm32f0xx_hal_spi.o(i.HAL_SPI_IRQHandler)
    i.HAL_SPI_Init                           0x08002100   Section        0  stm32f0xx_hal_spi.o(i.HAL_SPI_Init)
    i.HAL_SPI_MspInit                        0x080021f0   Section        0  spi.o(i.HAL_SPI_MspInit)
    i.HAL_SPI_Transmit                       0x080022ac   Section        0  stm32f0xx_hal_spi.o(i.HAL_SPI_Transmit)
    i.HAL_SPI_Transmit_DMA                   0x0800240c   Section        0  stm32f0xx_hal_spi.o(i.HAL_SPI_Transmit_DMA)
    i.HAL_SPI_TxCpltCallback                 0x0800251c   Section        0  stm32f0xx_hal_spi.o(i.HAL_SPI_TxCpltCallback)
    i.HAL_SPI_TxHalfCpltCallback             0x0800251e   Section        0  stm32f0xx_hal_spi.o(i.HAL_SPI_TxHalfCpltCallback)
    i.HAL_SYSTICK_Config                     0x08002520   Section        0  stm32f0xx_hal_cortex.o(i.HAL_SYSTICK_Config)
    i.HAL_UARTEx_RxEventCallback             0x08002550   Section        0  stm32f0xx_hal_uart.o(i.HAL_UARTEx_RxEventCallback)
    i.HAL_UART_ErrorCallback                 0x08002552   Section        0  stm32f0xx_hal_uart.o(i.HAL_UART_ErrorCallback)
    i.HAL_UART_IRQHandler                    0x08002554   Section        0  stm32f0xx_hal_uart.o(i.HAL_UART_IRQHandler)
    i.HAL_UART_Init                          0x080027e0   Section        0  stm32f0xx_hal_uart.o(i.HAL_UART_Init)
    i.HAL_UART_MspInit                       0x0800284c   Section        0  usart.o(i.HAL_UART_MspInit)
    i.HAL_UART_Receive_IT                    0x08002914   Section        0  stm32f0xx_hal_uart.o(i.HAL_UART_Receive_IT)
    i.HAL_UART_RxCpltCallback                0x08002978   Section        0  main.o(i.HAL_UART_RxCpltCallback)
    i.HAL_UART_TxCpltCallback                0x080029d0   Section        0  stm32f0xx_hal_uart.o(i.HAL_UART_TxCpltCallback)
    i.HardFault_Handler                      0x080029d2   Section        0  stm32f0xx_it.o(i.HardFault_Handler)
    i.MX_DMA_Init                            0x080029d4   Section        0  dma.o(i.MX_DMA_Init)
    i.MX_GPIO_Init                           0x08002a0c   Section        0  gpio.o(i.MX_GPIO_Init)
    i.MX_SPI1_Init                           0x08002a74   Section        0  spi.o(i.MX_SPI1_Init)
    i.MX_USART1_UART_Init                    0x08002ac0   Section        0  usart.o(i.MX_USART1_UART_Init)
    i.NMI_Handler                            0x08002af8   Section        0  stm32f0xx_it.o(i.NMI_Handler)
    i.PendSV_Handler                         0x08002afa   Section        0  stm32f0xx_it.o(i.PendSV_Handler)
    i.PreSetPixelColor                       0x08002afc   Section        0  main.o(i.PreSetPixelColor)
    i.SPI1_IRQHandler                        0x08002b14   Section        0  stm32f0xx_it.o(i.SPI1_IRQHandler)
    i.SPI_DMAAbortOnError                    0x08002b24   Section        0  stm32f0xx_hal_spi.o(i.SPI_DMAAbortOnError)
    SPI_DMAAbortOnError                      0x08002b25   Thumb Code    18  stm32f0xx_hal_spi.o(i.SPI_DMAAbortOnError)
    i.SPI_DMAError                           0x08002b36   Section        0  stm32f0xx_hal_spi.o(i.SPI_DMAError)
    SPI_DMAError                             0x08002b37   Thumb Code    34  stm32f0xx_hal_spi.o(i.SPI_DMAError)
    i.SPI_DMAHalfTransmitCplt                0x08002b58   Section        0  stm32f0xx_hal_spi.o(i.SPI_DMAHalfTransmitCplt)
    SPI_DMAHalfTransmitCplt                  0x08002b59   Thumb Code    10  stm32f0xx_hal_spi.o(i.SPI_DMAHalfTransmitCplt)
    i.SPI_DMATransmitCplt                    0x08002b62   Section        0  stm32f0xx_hal_spi.o(i.SPI_DMATransmitCplt)
    SPI_DMATransmitCplt                      0x08002b63   Thumb Code   104  stm32f0xx_hal_spi.o(i.SPI_DMATransmitCplt)
    i.SPI_EndRxTxTransaction                 0x08002bca   Section        0  stm32f0xx_hal_spi.o(i.SPI_EndRxTxTransaction)
    SPI_EndRxTxTransaction                   0x08002bcb   Thumb Code    76  stm32f0xx_hal_spi.o(i.SPI_EndRxTxTransaction)
    i.SPI_WaitFifoStateUntilTimeout          0x08002c18   Section        0  stm32f0xx_hal_spi.o(i.SPI_WaitFifoStateUntilTimeout)
    SPI_WaitFifoStateUntilTimeout            0x08002c19   Thumb Code   212  stm32f0xx_hal_spi.o(i.SPI_WaitFifoStateUntilTimeout)
    i.SPI_WaitFlagStateUntilTimeout          0x08002cf0   Section        0  stm32f0xx_hal_spi.o(i.SPI_WaitFlagStateUntilTimeout)
    SPI_WaitFlagStateUntilTimeout            0x08002cf1   Thumb Code   180  stm32f0xx_hal_spi.o(i.SPI_WaitFlagStateUntilTimeout)
    i.SVC_Handler                            0x08002da8   Section        0  stm32f0xx_it.o(i.SVC_Handler)
    i.Send_2812                              0x08002dac   Section        0  main.o(i.Send_2812)
    i.SysTick_Handler                        0x08002dd0   Section        0  stm32f0xx_it.o(i.SysTick_Handler)
    i.SystemClock_Config                     0x08002dd8   Section        0  main.o(i.SystemClock_Config)
    i.SystemInit                             0x08002e4c   Section        0  system_stm32f0xx.o(i.SystemInit)
    i.UART_AdvFeatureConfig                  0x08002e4e   Section        0  stm32f0xx_hal_uart.o(i.UART_AdvFeatureConfig)
    i.UART_CheckIdleState                    0x08002f18   Section        0  stm32f0xx_hal_uart.o(i.UART_CheckIdleState)
    i.UART_DMAAbortOnError                   0x08002f7c   Section        0  stm32f0xx_hal_uart.o(i.UART_DMAAbortOnError)
    UART_DMAAbortOnError                     0x08002f7d   Thumb Code    20  stm32f0xx_hal_uart.o(i.UART_DMAAbortOnError)
    i.UART_EndRxTransfer                     0x08002f90   Section        0  stm32f0xx_hal_uart.o(i.UART_EndRxTransfer)
    UART_EndRxTransfer                       0x08002f91   Thumb Code    94  stm32f0xx_hal_uart.o(i.UART_EndRxTransfer)
    i.UART_RxISR_16BIT                       0x08002fee   Section        0  stm32f0xx_hal_uart.o(i.UART_RxISR_16BIT)
    UART_RxISR_16BIT                         0x08002fef   Thumb Code   168  stm32f0xx_hal_uart.o(i.UART_RxISR_16BIT)
    i.UART_RxISR_8BIT                        0x08003096   Section        0  stm32f0xx_hal_uart.o(i.UART_RxISR_8BIT)
    UART_RxISR_8BIT                          0x08003097   Thumb Code   168  stm32f0xx_hal_uart.o(i.UART_RxISR_8BIT)
    i.UART_SetConfig                         0x08003140   Section        0  stm32f0xx_hal_uart.o(i.UART_SetConfig)
    i.UART_Start_Receive_IT                  0x08003274   Section        0  stm32f0xx_hal_uart.o(i.UART_Start_Receive_IT)
    i.UART_WaitOnFlagUntilTimeout            0x08003310   Section        0  stm32f0xx_hal_uart.o(i.UART_WaitOnFlagUntilTimeout)
    i.USART1_IRQHandler                      0x080033e4   Section        0  stm32f0xx_it.o(i.USART1_IRQHandler)
    i.__ARM_common_ll_muluu                  0x08003400   Section        0  stm32f0xx_hal_rcc.o(i.__ARM_common_ll_muluu)
    i.__ARM_fpclassify                       0x08003430   Section        0  fpclassify.o(i.__ARM_fpclassify)
    i.__NVIC_SetPriority                     0x0800345c   Section        0  stm32f0xx_hal_cortex.o(i.__NVIC_SetPriority)
    __NVIC_SetPriority                       0x0800345d   Thumb Code    60  stm32f0xx_hal_cortex.o(i.__NVIC_SetPriority)
    i.__kernel_poly                          0x080034a0   Section        0  poly.o(i.__kernel_poly)
    i.__mathlib_dbl_divzero                  0x0800354c   Section        0  dunder.o(i.__mathlib_dbl_divzero)
    i.__mathlib_dbl_infnan                   0x08003560   Section        0  dunder.o(i.__mathlib_dbl_infnan)
    i.__mathlib_dbl_infnan2                  0x0800356a   Section        0  dunder.o(i.__mathlib_dbl_infnan2)
    i.__mathlib_dbl_invalid                  0x08003572   Section        0  dunder.o(i.__mathlib_dbl_invalid)
    i.__mathlib_dbl_overflow                 0x08003584   Section        0  dunder.o(i.__mathlib_dbl_overflow)
    i.__mathlib_dbl_underflow                0x08003598   Section        0  dunder.o(i.__mathlib_dbl_underflow)
    i.breathe_effect                         0x080035ac   Section        0  main.o(i.breathe_effect)
    i.encode_byte                            0x08003630   Section        0  main.o(i.encode_byte)
    i.exp                                    0x08003664   Section        0  exp.o(i.exp)
    i.generate_ws_buffer                     0x080038e0   Section        0  main.o(i.generate_ws_buffer)
    i.initLEDMOSI                            0x0800390c   Section        0  main.o(i.initLEDMOSI)
    i.main                                   0x0800392c   Section        0  main.o(i.main)
    i.pow                                    0x080039a0   Section        0  pow.o(i.pow)
    i.rainbow_effect_right                   0x0800439c   Section        0  main.o(i.rainbow_effect_right)
    i.resetPixelColors                       0x08004504   Section        0  main.o(i.resetPixelColors)
    i.setAllPixelColor                       0x08004520   Section        0  main.o(i.setAllPixelColor)
    i.setPixelColor                          0x08004542   Section        0  main.o(i.setPixelColor)
    i.sqrt                                   0x08004564   Section        0  sqrt.o(i.sqrt)
    x$fpl$dleqf                              0x080045ac   Section      100  dlef.o(x$fpl$dleqf)
    x$fpl$drleqf                             0x08004610   Section      104  drlef.o(x$fpl$drleqf)
    x$fpl$fadd                               0x08004678   Section      140  faddsub.o(x$fpl$fadd)
    _fadd1                                   0x08004685   Thumb Code     0  faddsub.o(x$fpl$fadd)
    x$fpl$fmul                               0x08004704   Section      176  fmul.o(x$fpl$fmul)
    x$fpl$frsb                               0x080047b4   Section       24  faddsub.o(x$fpl$frsb)
    x$fpl$fsub                               0x080047cc   Section      208  faddsub.o(x$fpl$fsub)
    _fsub1                                   0x080047d9   Thumb Code     0  faddsub.o(x$fpl$fsub)
    .constdata                               0x0800489c   Section     1024  main.o(.constdata)
    x$fpl$usenofp                            0x0800489c   Section        0  usenofp.o(x$fpl$usenofp)
    .constdata                               0x08004c9c   Section       16  system_stm32f0xx.o(.constdata)
    .constdata                               0x08004cac   Section        8  system_stm32f0xx.o(.constdata)
    .constdata                               0x08004cb4   Section       64  fdiv.o(.constdata)
    fdiv_tab                                 0x08004cb4   Data          64  fdiv.o(.constdata)
    .constdata                               0x08004cf8   Section       88  exp.o(.constdata)
    halF                                     0x08004cf8   Data          16  exp.o(.constdata)
    ln2HI                                    0x08004d08   Data          16  exp.o(.constdata)
    ln2LO                                    0x08004d18   Data          16  exp.o(.constdata)
    P                                        0x08004d28   Data          40  exp.o(.constdata)
    .constdata                               0x08004d50   Section      136  pow.o(.constdata)
    bp                                       0x08004d50   Data          16  pow.o(.constdata)
    dp_h                                     0x08004d60   Data          16  pow.o(.constdata)
    dp_l                                     0x08004d70   Data          16  pow.o(.constdata)
    L                                        0x08004d80   Data          48  pow.o(.constdata)
    P                                        0x08004db0   Data          40  pow.o(.constdata)
    .constdata                               0x08004dd8   Section      128  ddiv.o(.constdata)
    ddiv_reciptbl                            0x08004dd8   Data         128  ddiv.o(.constdata)
    .constdata                               0x08004e58   Section        8  qnan.o(.constdata)
    .data                                    0x20000000   Section       28  main.o(.data)
    .data                                    0x2000001c   Section       12  stm32f0xx_hal.o(.data)
    .data                                    0x20000028   Section        4  system_stm32f0xx.o(.data)
    .bss                                     0x2000002c   Section     1260  main.o(.bss)
    .bss                                     0x20000518   Section      168  spi.o(.bss)
    .bss                                     0x200005c0   Section      200  usart.o(.bss)
    .bss                                     0x20000688   Section       96  libspace.o(.bss)
    HEAP                                     0x200006e8   Section      512  startup_stm32f030x8.o(HEAP)
    Heap_Mem                                 0x200006e8   Data         512  startup_stm32f030x8.o(HEAP)
    STACK                                    0x200008e8   Section     1024  startup_stm32f030x8.o(STACK)
    Stack_Mem                                0x200008e8   Data        1024  startup_stm32f030x8.o(STACK)
    __initial_sp                             0x20000ce8   Data           0  startup_stm32f030x8.o(STACK)

    Global Symbols

    Symbol Name                              Value     Ov Type        Size  Object(Section)

    BuildAttributes$$THM_ISAv3M$S$PE$A:L22$X:L11$S22$IEEE1$IW$USESV6$~STKCKD$USESV7$~SHL$OTIME$ROPI$IEEEX$EBA8$UX$STANDARDLIB$REQ8$PRES8$EABIv2 0x00000000   Number         0  anon$$obj.o ABSOLUTE
    __ARM_use_no_argv                        0x00000000   Number         0  main.o ABSOLUTE
    __ARM_exceptions_init                     - Undefined Weak Reference
    __alloca_initialize                       - Undefined Weak Reference
    __arm_fini_                               - Undefined Weak Reference
    __arm_preinit_                            - Undefined Weak Reference
    __cpp_initialize__aeabi_                  - Undefined Weak Reference
    __cxa_finalize                            - Undefined Weak Reference
    __rt_locale                               - Undefined Weak Reference
    __sigvec_lookup                           - Undefined Weak Reference
    _atexit_init                              - Undefined Weak Reference
    _call_atexit_fns                          - Undefined Weak Reference
    _clock_init                               - Undefined Weak Reference
    _fp_trap_init                             - Undefined Weak Reference
    _fp_trap_shutdown                         - Undefined Weak Reference
    _get_lc_collate                           - Undefined Weak Reference
    _get_lc_ctype                             - Undefined Weak Reference
    _get_lc_monetary                          - Undefined Weak Reference
    _get_lc_numeric                           - Undefined Weak Reference
    _get_lc_time                              - Undefined Weak Reference
    _getenv_init                              - Undefined Weak Reference
    _handle_redirection                       - Undefined Weak Reference
    _init_alloc                               - Undefined Weak Reference
    _init_user_alloc                          - Undefined Weak Reference
    _initio                                   - Undefined Weak Reference
    _rand_init                                - Undefined Weak Reference
    _signal_finish                            - Undefined Weak Reference
    _signal_init                              - Undefined Weak Reference
    _terminate_alloc                          - Undefined Weak Reference
    _terminate_user_alloc                     - Undefined Weak Reference
    _terminateio                              - Undefined Weak Reference
    __Vectors_Size                           0x000000b4   Number         0  startup_stm32f030x8.o ABSOLUTE
    __Vectors                                0x08000000   Data           4  startup_stm32f030x8.o(RESET)
    __Vectors_End                            0x080000b4   Data           0  startup_stm32f030x8.o(RESET)
    __main                                   0x080000b5   Thumb Code     8  __main.o(!!!main)
    __scatterload                            0x080000bd   Thumb Code     0  __scatter.o(!!!scatter)
    __scatterload_rt2                        0x080000bd   Thumb Code    52  __scatter.o(!!!scatter)
    __scatterload_rt2_thumb_only             0x080000bd   Thumb Code     0  __scatter.o(!!!scatter)
    __scatterload_null                       0x080000cd   Thumb Code     0  __scatter.o(!!!scatter)
    __scatterload_copy                       0x080000f9   Thumb Code    26  __scatter_copy.o(!!handler_copy)
    __scatterload_zeroinit                   0x08000115   Thumb Code    28  __scatter_zi.o(!!handler_zi)
    __rt_lib_init                            0x08000131   Thumb Code     0  libinit.o(.ARM.Collect$$libinit$$00000000)
    __rt_lib_init_alloca_1                   0x08000133   Thumb Code     0  libinit2.o(.ARM.Collect$$libinit$$0000002E)
    __rt_lib_init_argv_1                     0x08000133   Thumb Code     0  libinit2.o(.ARM.Collect$$libinit$$0000002C)
    __rt_lib_init_atexit_1                   0x08000133   Thumb Code     0  libinit2.o(.ARM.Collect$$libinit$$0000001B)
    __rt_lib_init_clock_1                    0x08000133   Thumb Code     0  libinit2.o(.ARM.Collect$$libinit$$00000021)
    __rt_lib_init_cpp_1                      0x08000133   Thumb Code     0  libinit2.o(.ARM.Collect$$libinit$$00000032)
    __rt_lib_init_exceptions_1               0x08000133   Thumb Code     0  libinit2.o(.ARM.Collect$$libinit$$00000030)
    __rt_lib_init_fp_1                       0x08000133   Thumb Code     0  libinit2.o(.ARM.Collect$$libinit$$00000002)
    __rt_lib_init_fp_trap_1                  0x08000133   Thumb Code     0  libinit2.o(.ARM.Collect$$libinit$$0000001F)
    __rt_lib_init_getenv_1                   0x08000133   Thumb Code     0  libinit2.o(.ARM.Collect$$libinit$$00000023)
    __rt_lib_init_heap_1                     0x08000133   Thumb Code     0  libinit2.o(.ARM.Collect$$libinit$$0000000A)
    __rt_lib_init_lc_collate_1               0x08000133   Thumb Code     0  libinit2.o(.ARM.Collect$$libinit$$00000011)
    __rt_lib_init_lc_ctype_1                 0x08000133   Thumb Code     0  libinit2.o(.ARM.Collect$$libinit$$00000013)
    __rt_lib_init_lc_monetary_1              0x08000133   Thumb Code     0  libinit2.o(.ARM.Collect$$libinit$$00000015)
    __rt_lib_init_lc_numeric_1               0x08000133   Thumb Code     0  libinit2.o(.ARM.Collect$$libinit$$00000017)
    __rt_lib_init_lc_time_1                  0x08000133   Thumb Code     0  libinit2.o(.ARM.Collect$$libinit$$00000019)
    __rt_lib_init_preinit_1                  0x08000133   Thumb Code     0  libinit2.o(.ARM.Collect$$libinit$$00000004)
    __rt_lib_init_rand_1                     0x08000133   Thumb Code     0  libinit2.o(.ARM.Collect$$libinit$$0000000E)
    __rt_lib_init_return                     0x08000133   Thumb Code     0  libinit2.o(.ARM.Collect$$libinit$$00000033)
    __rt_lib_init_signal_1                   0x08000133   Thumb Code     0  libinit2.o(.ARM.Collect$$libinit$$0000001D)
    __rt_lib_init_stdio_1                    0x08000133   Thumb Code     0  libinit2.o(.ARM.Collect$$libinit$$00000025)
    __rt_lib_init_user_alloc_1               0x08000133   Thumb Code     0  libinit2.o(.ARM.Collect$$libinit$$0000000C)
    __rt_lib_shutdown                        0x08000135   Thumb Code     0  libshutdown.o(.ARM.Collect$$libshutdown$$00000000)
    __rt_lib_shutdown_cpp_1                  0x08000137   Thumb Code     0  libshutdown2.o(.ARM.Collect$$libshutdown$$00000004)
    __rt_lib_shutdown_fini_1                 0x08000137   Thumb Code     0  libshutdown2.o(.ARM.Collect$$libshutdown$$00000002)
    __rt_lib_shutdown_fp_trap_1              0x08000137   Thumb Code     0  libshutdown2.o(.ARM.Collect$$libshutdown$$00000009)
    __rt_lib_shutdown_heap_1                 0x08000137   Thumb Code     0  libshutdown2.o(.ARM.Collect$$libshutdown$$00000011)
    __rt_lib_shutdown_return                 0x08000137   Thumb Code     0  libshutdown2.o(.ARM.Collect$$libshutdown$$00000012)
    __rt_lib_shutdown_signal_1               0x08000137   Thumb Code     0  libshutdown2.o(.ARM.Collect$$libshutdown$$0000000C)
    __rt_lib_shutdown_stdio_1                0x08000137   Thumb Code     0  libshutdown2.o(.ARM.Collect$$libshutdown$$00000006)
    __rt_lib_shutdown_user_alloc_1           0x08000137   Thumb Code     0  libshutdown2.o(.ARM.Collect$$libshutdown$$0000000E)
    __rt_entry                               0x08000139   Thumb Code     0  __rtentry.o(.ARM.Collect$$rtentry$$00000000)
    __rt_entry_presh_1                       0x08000139   Thumb Code     0  __rtentry2.o(.ARM.Collect$$rtentry$$00000002)
    __rt_entry_sh                            0x08000139   Thumb Code     0  __rtentry4.o(.ARM.Collect$$rtentry$$00000004)
    __rt_entry_li                            0x0800013f   Thumb Code     0  __rtentry2.o(.ARM.Collect$$rtentry$$0000000A)
    __rt_entry_postsh_1                      0x0800013f   Thumb Code     0  __rtentry2.o(.ARM.Collect$$rtentry$$00000009)
    __rt_entry_main                          0x08000143   Thumb Code     0  __rtentry2.o(.ARM.Collect$$rtentry$$0000000D)
    __rt_entry_postli_1                      0x08000143   Thumb Code     0  __rtentry2.o(.ARM.Collect$$rtentry$$0000000C)
    __rt_exit                                0x0800014b   Thumb Code     0  rtexit.o(.ARM.Collect$$rtexit$$00000000)
    __rt_exit_ls                             0x0800014d   Thumb Code     0  rtexit2.o(.ARM.Collect$$rtexit$$00000003)
    __rt_exit_prels_1                        0x0800014d   Thumb Code     0  rtexit2.o(.ARM.Collect$$rtexit$$00000002)
    __rt_exit_exit                           0x08000151   Thumb Code     0  rtexit2.o(.ARM.Collect$$rtexit$$00000004)
    Reset_Handler                            0x08000159   Thumb Code     8  startup_stm32f030x8.o(.text)
    ADC1_IRQHandler                          0x0800016b   Thumb Code     0  startup_stm32f030x8.o(.text)
    DMA1_Channel1_IRQHandler                 0x0800016b   Thumb Code     0  startup_stm32f030x8.o(.text)
    EXTI0_1_IRQHandler                       0x0800016b   Thumb Code     0  startup_stm32f030x8.o(.text)
    EXTI2_3_IRQHandler                       0x0800016b   Thumb Code     0  startup_stm32f030x8.o(.text)
    EXTI4_15_IRQHandler                      0x0800016b   Thumb Code     0  startup_stm32f030x8.o(.text)
    FLASH_IRQHandler                         0x0800016b   Thumb Code     0  startup_stm32f030x8.o(.text)
    I2C1_IRQHandler                          0x0800016b   Thumb Code     0  startup_stm32f030x8.o(.text)
    I2C2_IRQHandler                          0x0800016b   Thumb Code     0  startup_stm32f030x8.o(.text)
    RCC_IRQHandler                           0x0800016b   Thumb Code     0  startup_stm32f030x8.o(.text)
    RTC_IRQHandler                           0x0800016b   Thumb Code     0  startup_stm32f030x8.o(.text)
    SPI2_IRQHandler                          0x0800016b   Thumb Code     0  startup_stm32f030x8.o(.text)
    TIM14_IRQHandler                         0x0800016b   Thumb Code     0  startup_stm32f030x8.o(.text)
    TIM15_IRQHandler                         0x0800016b   Thumb Code     0  startup_stm32f030x8.o(.text)
    TIM16_IRQHandler                         0x0800016b   Thumb Code     0  startup_stm32f030x8.o(.text)
    TIM17_IRQHandler                         0x0800016b   Thumb Code     0  startup_stm32f030x8.o(.text)
    TIM1_BRK_UP_TRG_COM_IRQHandler           0x0800016b   Thumb Code     0  startup_stm32f030x8.o(.text)
    TIM1_CC_IRQHandler                       0x0800016b   Thumb Code     0  startup_stm32f030x8.o(.text)
    TIM3_IRQHandler                          0x0800016b   Thumb Code     0  startup_stm32f030x8.o(.text)
    TIM6_IRQHandler                          0x0800016b   Thumb Code     0  startup_stm32f030x8.o(.text)
    USART2_IRQHandler                        0x0800016b   Thumb Code     0  startup_stm32f030x8.o(.text)
    WWDG_IRQHandler                          0x0800016b   Thumb Code     0  startup_stm32f030x8.o(.text)
    __user_initial_stackheap                 0x0800016d   Thumb Code     0  startup_stm32f030x8.o(.text)
    __aeabi_uldivmod                         0x08000191   Thumb Code   258  lludiv.o(.text)
    _ll_udiv                                 0x08000191   Thumb Code     0  lludiv.o(.text)
    _memset_w                                0x08000293   Thumb Code    26  rt_memclr.o(.text)
    _memset                                  0x080002ad   Thumb Code    30  rt_memclr.o(.text)
    __aeabi_memclr                           0x080002cb   Thumb Code     4  rt_memclr.o(.text)
    __rt_memclr                              0x080002cb   Thumb Code     0  rt_memclr.o(.text)
    __aeabi_memclr4                          0x080002cf   Thumb Code     0  rt_memclr.o(.text)
    __aeabi_memclr8                          0x080002cf   Thumb Code     0  rt_memclr.o(.text)
    __rt_memclr_w                            0x080002cf   Thumb Code     4  rt_memclr.o(.text)
    __aeabi_uidiv                            0x080002d3   Thumb Code     0  aeabi_sdiv.o(.text)
    __aeabi_uidivmod                         0x080002d3   Thumb Code    20  aeabi_sdiv.o(.text)
    __aeabi_idiv                             0x080002e7   Thumb Code     0  aeabi_sdiv.o(.text)
    __aeabi_idivmod                          0x080002e7   Thumb Code   326  aeabi_sdiv.o(.text)
    __use_two_region_memory                  0x0800042d   Thumb Code     2  heapauxi.o(.text)
    __rt_heap_escrow$2region                 0x0800042f   Thumb Code     2  heapauxi.o(.text)
    __rt_heap_expand$2region                 0x08000431   Thumb Code     2  heapauxi.o(.text)
    __aeabi_d2f                              0x08000435   Thumb Code     0  d2f.o(.text)
    _d2f                                     0x08000435   Thumb Code   120  d2f.o(.text)
    __aeabi_dadd                             0x080007a9   Thumb Code     0  daddsub.o(.text)
    _dadd                                    0x080007a9   Thumb Code    26  daddsub.o(.text)
    __aeabi_dsub                             0x080007c3   Thumb Code     0  daddsub.o(.text)
    _dsub                                    0x080007c3   Thumb Code    22  daddsub.o(.text)
    __aeabi_drsub                            0x080007d9   Thumb Code     0  daddsub.o(.text)
    _drsb                                    0x080007d9   Thumb Code    28  daddsub.o(.text)
    __aeabi_d2uiz                            0x08000809   Thumb Code     0  dfixui.o(.text)
    _dfixu                                   0x08000809   Thumb Code    68  dfixui.o(.text)
    __aeabi_i2d_normalise                    0x08000851   Thumb Code    66  dflti.o(.text)
    __aeabi_i2d                              0x08000893   Thumb Code    16  dflti.o(.text)
    _dflt                                    0x08000893   Thumb Code     0  dflti.o(.text)
    __aeabi_ui2d                             0x080008a3   Thumb Code     6  dflti.o(.text)
    _dfltu                                   0x080008a3   Thumb Code     0  dflti.o(.text)
    __aeabi_dmul                             0x080008a9   Thumb Code     0  dmul.o(.text)
    _dmul                                    0x080008a9   Thumb Code   558  dmul.o(.text)
    __aeabi_f2d                              0x08000af1   Thumb Code     0  f2d.o(.text)
    _f2d                                     0x08000af1   Thumb Code    80  f2d.o(.text)
    __aeabi_fdiv                             0x08000b45   Thumb Code     0  fdiv.o(.text)
    _fdiv                                    0x08000b45   Thumb Code   334  fdiv.o(.text)
    _frdiv                                   0x08000c93   Thumb Code     8  fdiv.o(.text)
    __aeabi_f2uiz                            0x08000ca5   Thumb Code     0  ffixui.o(.text)
    _ffixu                                   0x08000ca5   Thumb Code    48  ffixui.o(.text)
    __aeabi_i2f_normalise                    0x08000cd5   Thumb Code    72  fflti.o(.text)
    __aeabi_i2f                              0x08000d1d   Thumb Code    16  fflti.o(.text)
    _fflt                                    0x08000d1d   Thumb Code     0  fflti.o(.text)
    __aeabi_ui2f                             0x08000d2d   Thumb Code     6  fflti.o(.text)
    _ffltu                                   0x08000d2d   Thumb Code     0  fflti.o(.text)
    __read_errno                             0x08000d33   Thumb Code    10  _rserrno.o(.text)
    __set_errno                              0x08000d3d   Thumb Code    12  _rserrno.o(.text)
    __aeabi_ddiv                             0x08000d49   Thumb Code     0  ddiv.o(.text)
    _ddiv                                    0x08000d49   Thumb Code  1072  ddiv.o(.text)
    _drdiv                                   0x08001179   Thumb Code    20  ddiv.o(.text)
    __aeabi_d2iz                             0x08001191   Thumb Code     0  dfixi.o(.text)
    _dfix                                    0x08001191   Thumb Code    98  dfixi.o(.text)
    __ARM_scalbn                             0x080011fd   Thumb Code    84  dscalbn.o(.text)
    __aeabi_errno_addr                       0x0800125d   Thumb Code     8  rt_errno_addr_intlibspace.o(.text)
    __errno$intlibspace                      0x0800125d   Thumb Code     0  rt_errno_addr_intlibspace.o(.text)
    __rt_errno_addr$intlibspace              0x0800125d   Thumb Code     0  rt_errno_addr_intlibspace.o(.text)
    __fpl_dcmp_InfNaN                        0x08001265   Thumb Code   140  dcmpin.o(.text)
    _dsqrt                                   0x080012f5   Thumb Code   248  dsqrt.o(.text)
    __user_libspace                          0x080013f5   Thumb Code     8  libspace.o(.text)
    __user_perproc_libspace                  0x080013f5   Thumb Code     0  libspace.o(.text)
    __user_perthread_libspace                0x080013f5   Thumb Code     0  libspace.o(.text)
    __user_setup_stackheap                   0x080013fd   Thumb Code    62  sys_stackheap_outer.o(.text)
    exit                                     0x0800143b   Thumb Code    16  exit.o(.text)
    __fpl_cmpreturn                          0x0800144b   Thumb Code    46  cmpret.o(.text)
    __fpl_dcheck_NaN2                        0x08001479   Thumb Code    14  dnan2.o(.text)
    __fpl_return_NaN                         0x0800148d   Thumb Code    94  retnan.o(.text)
    _sys_exit                                0x080014ed   Thumb Code     8  sys_exit.o(.text)
    __I$use$semihosting                      0x080014f9   Thumb Code     0  use_no_semi.o(.text)
    __use_no_semihosting_swi                 0x080014f9   Thumb Code     2  use_no_semi.o(.text)
    __semihosting_library_function           0x080014fb   Thumb Code     0  indicate_semi.o(.text)
    DMA1_Channel2_3_IRQHandler               0x080014fd   Thumb Code    10  stm32f0xx_it.o(i.DMA1_Channel2_3_IRQHandler)
    DMA1_Channel4_5_IRQHandler               0x0800150d   Thumb Code    10  stm32f0xx_it.o(i.DMA1_Channel4_5_IRQHandler)
    Error_Handler                            0x08001569   Thumb Code     4  main.o(i.Error_Handler)
    HAL_DMA_Abort                            0x0800156d   Thumb Code    64  stm32f0xx_hal_dma.o(i.HAL_DMA_Abort)
    HAL_DMA_Abort_IT                         0x080015ad   Thumb Code    72  stm32f0xx_hal_dma.o(i.HAL_DMA_Abort_IT)
    HAL_DMA_IRQHandler                       0x080015f5   Thumb Code   156  stm32f0xx_hal_dma.o(i.HAL_DMA_IRQHandler)
    HAL_DMA_Init                             0x08001691   Thumb Code    78  stm32f0xx_hal_dma.o(i.HAL_DMA_Init)
    HAL_DMA_Start_IT                         0x080016e5   Thumb Code   106  stm32f0xx_hal_dma.o(i.HAL_DMA_Start_IT)
    HAL_Delay                                0x08001751   Thumb Code    32  stm32f0xx_hal.o(i.HAL_Delay)
    HAL_GPIO_Init                            0x08001775   Thumb Code   396  stm32f0xx_hal_gpio.o(i.HAL_GPIO_Init)
    HAL_GPIO_WritePin                        0x08001919   Thumb Code    12  stm32f0xx_hal_gpio.o(i.HAL_GPIO_WritePin)
    HAL_GetTick                              0x08001925   Thumb Code     6  stm32f0xx_hal.o(i.HAL_GetTick)
    HAL_IncTick                              0x08001931   Thumb Code    12  stm32f0xx_hal.o(i.HAL_IncTick)
    HAL_Init                                 0x08001941   Thumb Code    26  stm32f0xx_hal.o(i.HAL_Init)
    HAL_InitTick                             0x08001961   Thumb Code    58  stm32f0xx_hal.o(i.HAL_InitTick)
    HAL_MspInit                              0x080019a5   Thumb Code    34  stm32f0xx_hal_msp.o(i.HAL_MspInit)
    HAL_NVIC_EnableIRQ                       0x080019cd   Thumb Code    18  stm32f0xx_hal_cortex.o(i.HAL_NVIC_EnableIRQ)
    HAL_NVIC_SetPriority                     0x080019e5   Thumb Code     8  stm32f0xx_hal_cortex.o(i.HAL_NVIC_SetPriority)
    HAL_RCCEx_PeriphCLKConfig                0x080019ed   Thumb Code   218  stm32f0xx_hal_rcc_ex.o(i.HAL_RCCEx_PeriphCLKConfig)
    HAL_RCC_ClockConfig                      0x08001ad5   Thumb Code   242  stm32f0xx_hal_rcc.o(i.HAL_RCC_ClockConfig)
    HAL_RCC_GetPCLK1Freq                     0x08001bdd   Thumb Code    20  stm32f0xx_hal_rcc.o(i.HAL_RCC_GetPCLK1Freq)
    HAL_RCC_GetSysClockFreq                  0x08001bfd   Thumb Code    84  stm32f0xx_hal_rcc.o(i.HAL_RCC_GetSysClockFreq)
    HAL_RCC_OscConfig                        0x08001c7d   Thumb Code   890  stm32f0xx_hal_rcc.o(i.HAL_RCC_OscConfig)
    HAL_SPI_ErrorCallback                    0x08002005   Thumb Code     2  stm32f0xx_hal_spi.o(i.HAL_SPI_ErrorCallback)
    HAL_SPI_IRQHandler                       0x08002009   Thumb Code   244  stm32f0xx_hal_spi.o(i.HAL_SPI_IRQHandler)
    HAL_SPI_Init                             0x08002101   Thumb Code   238  stm32f0xx_hal_spi.o(i.HAL_SPI_Init)
    HAL_SPI_MspInit                          0x080021f1   Thumb Code   168  spi.o(i.HAL_SPI_MspInit)
    HAL_SPI_Transmit                         0x080022ad   Thumb Code   352  stm32f0xx_hal_spi.o(i.HAL_SPI_Transmit)
    HAL_SPI_Transmit_DMA                     0x0800240d   Thumb Code   258  stm32f0xx_hal_spi.o(i.HAL_SPI_Transmit_DMA)
    HAL_SPI_TxCpltCallback                   0x0800251d   Thumb Code     2  stm32f0xx_hal_spi.o(i.HAL_SPI_TxCpltCallback)
    HAL_SPI_TxHalfCpltCallback               0x0800251f   Thumb Code     2  stm32f0xx_hal_spi.o(i.HAL_SPI_TxHalfCpltCallback)
    HAL_SYSTICK_Config                       0x08002521   Thumb Code    38  stm32f0xx_hal_cortex.o(i.HAL_SYSTICK_Config)
    HAL_UARTEx_RxEventCallback               0x08002551   Thumb Code     2  stm32f0xx_hal_uart.o(i.HAL_UARTEx_RxEventCallback)
    HAL_UART_ErrorCallback                   0x08002553   Thumb Code     2  stm32f0xx_hal_uart.o(i.HAL_UART_ErrorCallback)
    HAL_UART_IRQHandler                      0x08002555   Thumb Code   640  stm32f0xx_hal_uart.o(i.HAL_UART_IRQHandler)
    HAL_UART_Init                            0x080027e1   Thumb Code   106  stm32f0xx_hal_uart.o(i.HAL_UART_Init)
    HAL_UART_MspInit                         0x0800284d   Thumb Code   178  usart.o(i.HAL_UART_MspInit)
    HAL_UART_Receive_IT                      0x08002915   Thumb Code   100  stm32f0xx_hal_uart.o(i.HAL_UART_Receive_IT)
    HAL_UART_RxCpltCallback                  0x08002979   Thumb Code    84  main.o(i.HAL_UART_RxCpltCallback)
    HAL_UART_TxCpltCallback                  0x080029d1   Thumb Code     2  stm32f0xx_hal_uart.o(i.HAL_UART_TxCpltCallback)
    HardFault_Handler                        0x080029d3   Thumb Code     2  stm32f0xx_it.o(i.HardFault_Handler)
    MX_DMA_Init                              0x080029d5   Thumb Code    52  dma.o(i.MX_DMA_Init)
    MX_GPIO_Init                             0x08002a0d   Thumb Code    98  gpio.o(i.MX_GPIO_Init)
    MX_SPI1_Init                             0x08002a75   Thumb Code    66  spi.o(i.MX_SPI1_Init)
    MX_USART1_UART_Init                      0x08002ac1   Thumb Code    48  usart.o(i.MX_USART1_UART_Init)
    NMI_Handler                              0x08002af9   Thumb Code     2  stm32f0xx_it.o(i.NMI_Handler)
    PendSV_Handler                           0x08002afb   Thumb Code     2  stm32f0xx_it.o(i.PendSV_Handler)
    PreSetPixelColor                         0x08002afd   Thumb Code    22  main.o(i.PreSetPixelColor)
    SPI1_IRQHandler                          0x08002b15   Thumb Code    10  stm32f0xx_it.o(i.SPI1_IRQHandler)
    SVC_Handler                              0x08002da9   Thumb Code     2  stm32f0xx_it.o(i.SVC_Handler)
    Send_2812                                0x08002dad   Thumb Code    24  main.o(i.Send_2812)
    SysTick_Handler                          0x08002dd1   Thumb Code     8  stm32f0xx_it.o(i.SysTick_Handler)
    SystemClock_Config                       0x08002dd9   Thumb Code   116  main.o(i.SystemClock_Config)
    SystemInit                               0x08002e4d   Thumb Code     2  system_stm32f0xx.o(i.SystemInit)
    UART_AdvFeatureConfig                    0x08002e4f   Thumb Code   202  stm32f0xx_hal_uart.o(i.UART_AdvFeatureConfig)
    UART_CheckIdleState                      0x08002f19   Thumb Code    94  stm32f0xx_hal_uart.o(i.UART_CheckIdleState)
    UART_SetConfig                           0x08003141   Thumb Code   282  stm32f0xx_hal_uart.o(i.UART_SetConfig)
    UART_Start_Receive_IT                    0x08003275   Thumb Code   142  stm32f0xx_hal_uart.o(i.UART_Start_Receive_IT)
    UART_WaitOnFlagUntilTimeout              0x08003311   Thumb Code   212  stm32f0xx_hal_uart.o(i.UART_WaitOnFlagUntilTimeout)
    USART1_IRQHandler                        0x080033e5   Thumb Code    20  stm32f0xx_it.o(i.USART1_IRQHandler)
    __ARM_common_ll_muluu                    0x08003401   Thumb Code    48  stm32f0xx_hal_rcc.o(i.__ARM_common_ll_muluu)
    __ARM_fpclassify                         0x08003431   Thumb Code    40  fpclassify.o(i.__ARM_fpclassify)
    __kernel_poly                            0x080034a1   Thumb Code   172  poly.o(i.__kernel_poly)
    __mathlib_dbl_divzero                    0x0800354d   Thumb Code    16  dunder.o(i.__mathlib_dbl_divzero)
    __mathlib_dbl_infnan                     0x08003561   Thumb Code    10  dunder.o(i.__mathlib_dbl_infnan)
    __mathlib_dbl_infnan2                    0x0800356b   Thumb Code     8  dunder.o(i.__mathlib_dbl_infnan2)
    __mathlib_dbl_invalid                    0x08003573   Thumb Code    16  dunder.o(i.__mathlib_dbl_invalid)
    __mathlib_dbl_overflow                   0x08003585   Thumb Code    16  dunder.o(i.__mathlib_dbl_overflow)
    __mathlib_dbl_underflow                  0x08003599   Thumb Code    14  dunder.o(i.__mathlib_dbl_underflow)
    breathe_effect                           0x080035ad   Thumb Code   116  main.o(i.breathe_effect)
    encode_byte                              0x08003631   Thumb Code    44  main.o(i.encode_byte)
    exp                                      0x08003665   Thumb Code   542  exp.o(i.exp)
    generate_ws_buffer                       0x080038e1   Thumb Code    44  main.o(i.generate_ws_buffer)
    initLEDMOSI                              0x0800390d   Thumb Code    26  main.o(i.initLEDMOSI)
    main                                     0x0800392d   Thumb Code   106  main.o(i.main)
    pow                                      0x080039a1   Thumb Code  2548  pow.o(i.pow)
    rainbow_effect_right                     0x0800439d   Thumb Code   344  main.o(i.rainbow_effect_right)
    resetPixelColors                         0x08004505   Thumb Code    28  main.o(i.resetPixelColors)
    setAllPixelColor                         0x08004521   Thumb Code    34  main.o(i.setAllPixelColor)
    setPixelColor                            0x08004543   Thumb Code    32  main.o(i.setPixelColor)
    sqrt                                     0x08004565   Thumb Code    66  sqrt.o(i.sqrt)
    __aeabi_cdcmple                          0x080045ad   Thumb Code     0  dlef.o(x$fpl$dleqf)
    _dcmple                                  0x080045ad   Thumb Code    94  dlef.o(x$fpl$dleqf)
    __aeabi_cdrcmple                         0x08004611   Thumb Code     0  drlef.o(x$fpl$drleqf)
    _drcmple                                 0x08004611   Thumb Code   100  drlef.o(x$fpl$drleqf)
    __aeabi_fadd                             0x08004679   Thumb Code     0  faddsub.o(x$fpl$fadd)
    _fadd                                    0x08004679   Thumb Code   134  faddsub.o(x$fpl$fadd)
    __aeabi_fmul                             0x08004705   Thumb Code     0  fmul.o(x$fpl$fmul)
    _fmul                                    0x08004705   Thumb Code   172  fmul.o(x$fpl$fmul)
    __aeabi_frsub                            0x080047b5   Thumb Code     0  faddsub.o(x$fpl$frsb)
    _frsb                                    0x080047b5   Thumb Code    24  faddsub.o(x$fpl$frsb)
    __aeabi_fsub                             0x080047cd   Thumb Code     0  faddsub.o(x$fpl$fsub)
    _fsub                                    0x080047cd   Thumb Code   204  faddsub.o(x$fpl$fsub)
    __I$use$fp                               0x0800489c   Number         0  usenofp.o(x$fpl$usenofp)
    leddata                                  0x0800489c   Data        1024  main.o(.constdata)
    AHBPrescTable                            0x08004c9c   Data          16  system_stm32f0xx.o(.constdata)
    APBPrescTable                            0x08004cac   Data           8  system_stm32f0xx.o(.constdata)
    __mathlib_zero                           0x08004e58   Data           8  qnan.o(.constdata)
    Region$$Table$$Base                      0x08004e60   Number         0  anon$$obj.o(Region$$Table)
    Region$$Table$$Limit                     0x08004e80   Number         0  anon$$obj.o(Region$$Table)
    r                                        0x20000000   Data           1  main.o(.data)
    effStep                                  0x20000002   Data           2  main.o(.data)
    i                                        0x20000004   Data           2  main.o(.data)
    n                                        0x20000006   Data           2  main.o(.data)
    m                                        0x20000008   Data           2  main.o(.data)
    k                                        0x2000000a   Data           2  main.o(.data)
    j                                        0x2000000c   Data           2  main.o(.data)
    gamma                                    0x20000010   Data           4  main.o(.data)
    beta                                     0x20000014   Data           4  main.o(.data)
    br                                       0x20000018   Data           4  main.o(.data)
    uwTickFreq                               0x2000001c   Data           1  stm32f0xx_hal.o(.data)
    uwTickPrio                               0x20000020   Data           4  stm32f0xx_hal.o(.data)
    uwTick                                   0x20000024   Data           4  stm32f0xx_hal.o(.data)
    SystemCoreClock                          0x20000028   Data           4  system_stm32f0xx.o(.data)
    ws_buffer                                0x2000002c   Data        1260  main.o(.bss)
    hspi1                                    0x20000518   Data         100  spi.o(.bss)
    hdma_spi1_tx                             0x2000057c   Data          68  spi.o(.bss)
    huart1                                   0x200005c0   Data         132  usart.o(.bss)
    hdma_usart1_rx                           0x20000644   Data          68  usart.o(.bss)
    __libspace_start                         0x20000688   Data          96  libspace.o(.bss)
    __temporary_stack_top$libspace           0x200006e8   Data           0  libspace.o(.bss)



==============================================================================

Memory Map of the image

  Image Entry point : 0x080000b5

  Load Region LR_IROM1 (Base: 0x08000000, Size: 0x00004eac, Max: 0x00010000, ABSOLUTE)

    Execution Region ER_IROM1 (Exec base: 0x08000000, Load base: 0x08000000, Size: 0x00004e80, Max: 0x00010000, ABSOLUTE)

    Exec Addr    Load Addr    Size         Type   Attr      Idx    E Section Name        Object

    0x08000000   0x08000000   0x000000b4   Data   RO            3    RESET               startup_stm32f030x8.o
    0x080000b4   0x080000b4   0x00000008   Code   RO         2674  * !!!main             c_p.l(__main.o)
    0x080000bc   0x080000bc   0x0000003c   Code   RO         2952    !!!scatter          c_p.l(__scatter.o)
    0x080000f8   0x080000f8   0x0000001a   Code   RO         2954    !!handler_copy      c_p.l(__scatter_copy.o)
    0x08000112   0x08000112   0x00000002   PAD
    0x08000114   0x08000114   0x0000001c   Code   RO         2956    !!handler_zi        c_p.l(__scatter_zi.o)
    0x08000130   0x08000130   0x00000002   Code   RO         2816    .ARM.Collect$$libinit$$00000000  c_p.l(libinit.o)
    0x08000132   0x08000132   0x00000000   Code   RO         2831    .ARM.Collect$$libinit$$00000002  c_p.l(libinit2.o)
    0x08000132   0x08000132   0x00000000   Code   RO         2833    .ARM.Collect$$libinit$$00000004  c_p.l(libinit2.o)
    0x08000132   0x08000132   0x00000000   Code   RO         2836    .ARM.Collect$$libinit$$0000000A  c_p.l(libinit2.o)
    0x08000132   0x08000132   0x00000000   Code   RO         2838    .ARM.Collect$$libinit$$0000000C  c_p.l(libinit2.o)
    0x08000132   0x08000132   0x00000000   Code   RO         2840    .ARM.Collect$$libinit$$0000000E  c_p.l(libinit2.o)
    0x08000132   0x08000132   0x00000000   Code   RO         2843    .ARM.Collect$$libinit$$00000011  c_p.l(libinit2.o)
    0x08000132   0x08000132   0x00000000   Code   RO         2845    .ARM.Collect$$libinit$$00000013  c_p.l(libinit2.o)
    0x08000132   0x08000132   0x00000000   Code   RO         2847    .ARM.Collect$$libinit$$00000015  c_p.l(libinit2.o)
    0x08000132   0x08000132   0x00000000   Code   RO         2849    .ARM.Collect$$libinit$$00000017  c_p.l(libinit2.o)
    0x08000132   0x08000132   0x00000000   Code   RO         2851    .ARM.Collect$$libinit$$00000019  c_p.l(libinit2.o)
    0x08000132   0x08000132   0x00000000   Code   RO         2853    .ARM.Collect$$libinit$$0000001B  c_p.l(libinit2.o)
    0x08000132   0x08000132   0x00000000   Code   RO         2855    .ARM.Collect$$libinit$$0000001D  c_p.l(libinit2.o)
    0x08000132   0x08000132   0x00000000   Code   RO         2857    .ARM.Collect$$libinit$$0000001F  c_p.l(libinit2.o)
    0x08000132   0x08000132   0x00000000   Code   RO         2859    .ARM.Collect$$libinit$$00000021  c_p.l(libinit2.o)
    0x08000132   0x08000132   0x00000000   Code   RO         2861    .ARM.Collect$$libinit$$00000023  c_p.l(libinit2.o)
    0x08000132   0x08000132   0x00000000   Code   RO         2863    .ARM.Collect$$libinit$$00000025  c_p.l(libinit2.o)
    0x08000132   0x08000132   0x00000000   Code   RO         2867    .ARM.Collect$$libinit$$0000002C  c_p.l(libinit2.o)
    0x08000132   0x08000132   0x00000000   Code   RO         2869    .ARM.Collect$$libinit$$0000002E  c_p.l(libinit2.o)
    0x08000132   0x08000132   0x00000000   Code   RO         2871    .ARM.Collect$$libinit$$00000030  c_p.l(libinit2.o)
    0x08000132   0x08000132   0x00000000   Code   RO         2873    .ARM.Collect$$libinit$$00000032  c_p.l(libinit2.o)
    0x08000132   0x08000132   0x00000002   Code   RO         2874    .ARM.Collect$$libinit$$00000033  c_p.l(libinit2.o)
    0x08000134   0x08000134   0x00000002   Code   RO         2907    .ARM.Collect$$libshutdown$$00000000  c_p.l(libshutdown.o)
    0x08000136   0x08000136   0x00000000   Code   RO         2933    .ARM.Collect$$libshutdown$$00000002  c_p.l(libshutdown2.o)
    0x08000136   0x08000136   0x00000000   Code   RO         2935    .ARM.Collect$$libshutdown$$00000004  c_p.l(libshutdown2.o)
    0x08000136   0x08000136   0x00000000   Code   RO         2937    .ARM.Collect$$libshutdown$$00000006  c_p.l(libshutdown2.o)
    0x08000136   0x08000136   0x00000000   Code   RO         2940    .ARM.Collect$$libshutdown$$00000009  c_p.l(libshutdown2.o)
    0x08000136   0x08000136   0x00000000   Code   RO         2943    .ARM.Collect$$libshutdown$$0000000C  c_p.l(libshutdown2.o)
    0x08000136   0x08000136   0x00000000   Code   RO         2945    .ARM.Collect$$libshutdown$$0000000E  c_p.l(libshutdown2.o)
    0x08000136   0x08000136   0x00000000   Code   RO         2948    .ARM.Collect$$libshutdown$$00000011  c_p.l(libshutdown2.o)
    0x08000136   0x08000136   0x00000002   Code   RO         2949    .ARM.Collect$$libshutdown$$00000012  c_p.l(libshutdown2.o)
    0x08000138   0x08000138   0x00000000   Code   RO         2723    .ARM.Collect$$rtentry$$00000000  c_p.l(__rtentry.o)
    0x08000138   0x08000138   0x00000000   Code   RO         2774    .ARM.Collect$$rtentry$$00000002  c_p.l(__rtentry2.o)
    0x08000138   0x08000138   0x00000006   Code   RO         2786    .ARM.Collect$$rtentry$$00000004  c_p.l(__rtentry4.o)
    0x0800013e   0x0800013e   0x00000000   Code   RO         2776    .ARM.Collect$$rtentry$$00000009  c_p.l(__rtentry2.o)
    0x0800013e   0x0800013e   0x00000004   Code   RO         2777    .ARM.Collect$$rtentry$$0000000A  c_p.l(__rtentry2.o)
    0x08000142   0x08000142   0x00000000   Code   RO         2779    .ARM.Collect$$rtentry$$0000000C  c_p.l(__rtentry2.o)
    0x08000142   0x08000142   0x00000008   Code   RO         2780    .ARM.Collect$$rtentry$$0000000D  c_p.l(__rtentry2.o)
    0x0800014a   0x0800014a   0x00000002   Code   RO         2822    .ARM.Collect$$rtexit$$00000000  c_p.l(rtexit.o)
    0x0800014c   0x0800014c   0x00000000   Code   RO         2880    .ARM.Collect$$rtexit$$00000002  c_p.l(rtexit2.o)
    0x0800014c   0x0800014c   0x00000004   Code   RO         2881    .ARM.Collect$$rtexit$$00000003  c_p.l(rtexit2.o)
    0x08000150   0x08000150   0x00000006   Code   RO         2882    .ARM.Collect$$rtexit$$00000004  c_p.l(rtexit2.o)
    0x08000156   0x08000156   0x00000002   PAD
    0x08000158   0x08000158   0x00000038   Code   RO            4    .text               startup_stm32f030x8.o
    0x08000190   0x08000190   0x00000102   Code   RO         2664    .text               c_p.l(lludiv.o)
    0x08000292   0x08000292   0x00000040   Code   RO         2666    .text               c_p.l(rt_memclr.o)
    0x080002d2   0x080002d2   0x0000015a   Code   RO         2668    .text               c_p.l(aeabi_sdiv.o)
    0x0800042c   0x0800042c   0x00000006   Code   RO         2672    .text               c_p.l(heapauxi.o)
    0x08000432   0x08000432   0x00000002   PAD
    0x08000434   0x08000434   0x0000007c   Code   RO         2676    .text               fz_ps.l(d2f.o)
    0x080004b0   0x080004b0   0x00000358   Code   RO         2678    .text               fz_ps.l(daddsub.o)
    0x08000808   0x08000808   0x00000048   Code   RO         2680    .text               fz_ps.l(dfixui.o)
    0x08000850   0x08000850   0x00000058   Code   RO         2682    .text               fz_ps.l(dflti.o)
    0x080008a8   0x080008a8   0x00000248   Code   RO         2684    .text               fz_ps.l(dmul.o)
    0x08000af0   0x08000af0   0x00000054   Code   RO         2686    .text               fz_ps.l(f2d.o)
    0x08000b44   0x08000b44   0x00000160   Code   RO         2694    .text               fz_ps.l(fdiv.o)
    0x08000ca4   0x08000ca4   0x00000030   Code   RO         2697    .text               fz_ps.l(ffixui.o)
    0x08000cd4   0x08000cd4   0x0000005e   Code   RO         2699    .text               fz_ps.l(fflti.o)
    0x08000d32   0x08000d32   0x00000016   Code   RO         2732    .text               c_p.l(_rserrno.o)
    0x08000d48   0x08000d48   0x00000448   Code   RO         2734    .text               fz_ps.l(ddiv.o)
    0x08001190   0x08001190   0x0000006c   Code   RO         2737    .text               fz_ps.l(dfixi.o)
    0x080011fc   0x080011fc   0x00000060   Code   RO         2743    .text               fz_ps.l(dscalbn.o)
    0x0800125c   0x0800125c   0x00000008   Code   RO         2793    .text               c_p.l(rt_errno_addr_intlibspace.o)
    0x08001264   0x08001264   0x00000090   Code   RO         2795    .text               fz_ps.l(dcmpin.o)
    0x080012f4   0x080012f4   0x00000100   Code   RO         2797    .text               fz_ps.l(dsqrt.o)
    0x080013f4   0x080013f4   0x00000008   Code   RO         2799    .text               c_p.l(libspace.o)
    0x080013fc   0x080013fc   0x0000003e   Code   RO         2802    .text               c_p.l(sys_stackheap_outer.o)
    0x0800143a   0x0800143a   0x00000010   Code   RO         2805    .text               c_p.l(exit.o)
    0x0800144a   0x0800144a   0x0000002e   Code   RO         2817    .text               fz_ps.l(cmpret.o)
    0x08001478   0x08001478   0x00000014   Code   RO         2819    .text               fz_ps.l(dnan2.o)
    0x0800148c   0x0800148c   0x0000005e   Code   RO         2875    .text               fz_ps.l(retnan.o)
    0x080014ea   0x080014ea   0x00000002   PAD
    0x080014ec   0x080014ec   0x0000000c   Code   RO         2877    .text               c_p.l(sys_exit.o)
    0x080014f8   0x080014f8   0x00000002   Code   RO         2896    .text               c_p.l(use_no_semi.o)
    0x080014fa   0x080014fa   0x00000000   Code   RO         2898    .text               c_p.l(indicate_semi.o)
    0x080014fa   0x080014fa   0x00000002   PAD
    0x080014fc   0x080014fc   0x00000010   Code   RO          360    i.DMA1_Channel2_3_IRQHandler  stm32f0xx_it.o
    0x0800150c   0x0800150c   0x00000010   Code   RO          361    i.DMA1_Channel4_5_IRQHandler  stm32f0xx_it.o
    0x0800151c   0x0800151c   0x00000024   Code   RO         1637    i.DMA_CalcBaseAndBitshift  stm32f0xx_hal_dma.o
    0x08001540   0x08001540   0x00000028   Code   RO         1638    i.DMA_SetConfig     stm32f0xx_hal_dma.o
    0x08001568   0x08001568   0x00000004   Code   RO           12    i.Error_Handler     main.o
    0x0800156c   0x0800156c   0x00000040   Code   RO         1639    i.HAL_DMA_Abort     stm32f0xx_hal_dma.o
    0x080015ac   0x080015ac   0x00000048   Code   RO         1640    i.HAL_DMA_Abort_IT  stm32f0xx_hal_dma.o
    0x080015f4   0x080015f4   0x0000009c   Code   RO         1644    i.HAL_DMA_IRQHandler  stm32f0xx_hal_dma.o
    0x08001690   0x08001690   0x00000054   Code   RO         1645    i.HAL_DMA_Init      stm32f0xx_hal_dma.o
    0x080016e4   0x080016e4   0x0000006a   Code   RO         1649    i.HAL_DMA_Start_IT  stm32f0xx_hal_dma.o
    0x0800174e   0x0800174e   0x00000002   PAD
    0x08001750   0x08001750   0x00000024   Code   RO          926    i.HAL_Delay         stm32f0xx_hal.o
    0x08001774   0x08001774   0x000001a4   Code   RO         1578    i.HAL_GPIO_Init     stm32f0xx_hal_gpio.o
    0x08001918   0x08001918   0x0000000c   Code   RO         1582    i.HAL_GPIO_WritePin  stm32f0xx_hal_gpio.o
    0x08001924   0x08001924   0x0000000c   Code   RO          930    i.HAL_GetTick       stm32f0xx_hal.o
    0x08001930   0x08001930   0x00000010   Code   RO          936    i.HAL_IncTick       stm32f0xx_hal.o
    0x08001940   0x08001940   0x00000020   Code   RO          937    i.HAL_Init          stm32f0xx_hal.o
    0x08001960   0x08001960   0x00000044   Code   RO          938    i.HAL_InitTick      stm32f0xx_hal.o
    0x080019a4   0x080019a4   0x00000028   Code   RO          432    i.HAL_MspInit       stm32f0xx_hal_msp.o
    0x080019cc   0x080019cc   0x00000018   Code   RO         1737    i.HAL_NVIC_EnableIRQ  stm32f0xx_hal_cortex.o
    0x080019e4   0x080019e4   0x00000008   Code   RO         1741    i.HAL_NVIC_SetPriority  stm32f0xx_hal_cortex.o
    0x080019ec   0x080019ec   0x000000e8   Code   RO          891    i.HAL_RCCEx_PeriphCLKConfig  stm32f0xx_hal_rcc_ex.o
    0x08001ad4   0x08001ad4   0x00000108   Code   RO          796    i.HAL_RCC_ClockConfig  stm32f0xx_hal_rcc.o
    0x08001bdc   0x08001bdc   0x00000020   Code   RO          803    i.HAL_RCC_GetPCLK1Freq  stm32f0xx_hal_rcc.o
    0x08001bfc   0x08001bfc   0x00000080   Code   RO          804    i.HAL_RCC_GetSysClockFreq  stm32f0xx_hal_rcc.o
    0x08001c7c   0x08001c7c   0x00000388   Code   RO          807    i.HAL_RCC_OscConfig  stm32f0xx_hal_rcc.o
    0x08002004   0x08002004   0x00000002   Code   RO          459    i.HAL_SPI_ErrorCallback  stm32f0xx_hal_spi.o
    0x08002006   0x08002006   0x00000002   PAD
    0x08002008   0x08002008   0x000000f8   Code   RO          462    i.HAL_SPI_IRQHandler  stm32f0xx_hal_spi.o
    0x08002100   0x08002100   0x000000ee   Code   RO          463    i.HAL_SPI_Init      stm32f0xx_hal_spi.o
    0x080021ee   0x080021ee   0x00000002   PAD
    0x080021f0   0x080021f0   0x000000bc   Code   RO          285    i.HAL_SPI_MspInit   spi.o
    0x080022ac   0x080022ac   0x00000160   Code   RO          471    i.HAL_SPI_Transmit  stm32f0xx_hal_spi.o
    0x0800240c   0x0800240c   0x00000110   Code   RO          475    i.HAL_SPI_Transmit_DMA  stm32f0xx_hal_spi.o
    0x0800251c   0x0800251c   0x00000002   Code   RO          477    i.HAL_SPI_TxCpltCallback  stm32f0xx_hal_spi.o
    0x0800251e   0x0800251e   0x00000002   Code   RO          478    i.HAL_SPI_TxHalfCpltCallback  stm32f0xx_hal_spi.o
    0x08002520   0x08002520   0x00000030   Code   RO         1745    i.HAL_SYSTICK_Config  stm32f0xx_hal_cortex.o
    0x08002550   0x08002550   0x00000002   Code   RO         2212    i.HAL_UARTEx_RxEventCallback  stm32f0xx_hal_uart.o
    0x08002552   0x08002552   0x00000002   Code   RO         2228    i.HAL_UART_ErrorCallback  stm32f0xx_hal_uart.o
    0x08002554   0x08002554   0x0000028c   Code   RO         2231    i.HAL_UART_IRQHandler  stm32f0xx_hal_uart.o
    0x080027e0   0x080027e0   0x0000006a   Code   RO         2232    i.HAL_UART_Init     stm32f0xx_hal_uart.o
    0x0800284a   0x0800284a   0x00000002   PAD
    0x0800284c   0x0800284c   0x000000c8   Code   RO          323    i.HAL_UART_MspInit  usart.o
    0x08002914   0x08002914   0x00000064   Code   RO         2237    i.HAL_UART_Receive_IT  stm32f0xx_hal_uart.o
    0x08002978   0x08002978   0x00000058   Code   RO           13    i.HAL_UART_RxCpltCallback  main.o
    0x080029d0   0x080029d0   0x00000002   Code   RO         2244    i.HAL_UART_TxCpltCallback  stm32f0xx_hal_uart.o
    0x080029d2   0x080029d2   0x00000002   Code   RO          362    i.HardFault_Handler  stm32f0xx_it.o
    0x080029d4   0x080029d4   0x00000038   Code   RO          264    i.MX_DMA_Init       dma.o
    0x08002a0c   0x08002a0c   0x00000068   Code   RO          244    i.MX_GPIO_Init      gpio.o
    0x08002a74   0x08002a74   0x0000004c   Code   RO          286    i.MX_SPI1_Init      spi.o
    0x08002ac0   0x08002ac0   0x00000038   Code   RO          324    i.MX_USART1_UART_Init  usart.o
    0x08002af8   0x08002af8   0x00000002   Code   RO          363    i.NMI_Handler       stm32f0xx_it.o
    0x08002afa   0x08002afa   0x00000002   Code   RO          364    i.PendSV_Handler    stm32f0xx_it.o
    0x08002afc   0x08002afc   0x00000016   Code   RO           14    i.PreSetPixelColor  main.o
    0x08002b12   0x08002b12   0x00000002   PAD
    0x08002b14   0x08002b14   0x00000010   Code   RO          365    i.SPI1_IRQHandler   stm32f0xx_it.o
    0x08002b24   0x08002b24   0x00000012   Code   RO          490    i.SPI_DMAAbortOnError  stm32f0xx_hal_spi.o
    0x08002b36   0x08002b36   0x00000022   Code   RO          491    i.SPI_DMAError      stm32f0xx_hal_spi.o
    0x08002b58   0x08002b58   0x0000000a   Code   RO          493    i.SPI_DMAHalfTransmitCplt  stm32f0xx_hal_spi.o
    0x08002b62   0x08002b62   0x00000068   Code   RO          497    i.SPI_DMATransmitCplt  stm32f0xx_hal_spi.o
    0x08002bca   0x08002bca   0x0000004c   Code   RO          501    i.SPI_EndRxTxTransaction  stm32f0xx_hal_spi.o
    0x08002c16   0x08002c16   0x00000002   PAD
    0x08002c18   0x08002c18   0x000000d8   Code   RO          506    i.SPI_WaitFifoStateUntilTimeout  stm32f0xx_hal_spi.o
    0x08002cf0   0x08002cf0   0x000000b8   Code   RO          507    i.SPI_WaitFlagStateUntilTimeout  stm32f0xx_hal_spi.o
    0x08002da8   0x08002da8   0x00000002   Code   RO          366    i.SVC_Handler       stm32f0xx_it.o
    0x08002daa   0x08002daa   0x00000002   PAD
    0x08002dac   0x08002dac   0x00000024   Code   RO           15    i.Send_2812         main.o
    0x08002dd0   0x08002dd0   0x00000008   Code   RO          367    i.SysTick_Handler   stm32f0xx_it.o
    0x08002dd8   0x08002dd8   0x00000074   Code   RO           16    i.SystemClock_Config  main.o
    0x08002e4c   0x08002e4c   0x00000002   Code   RO         2629    i.SystemInit        system_stm32f0xx.o
    0x08002e4e   0x08002e4e   0x000000ca   Code   RO         2246    i.UART_AdvFeatureConfig  stm32f0xx_hal_uart.o
    0x08002f18   0x08002f18   0x00000064   Code   RO         2247    i.UART_CheckIdleState  stm32f0xx_hal_uart.o
    0x08002f7c   0x08002f7c   0x00000014   Code   RO         2248    i.UART_DMAAbortOnError  stm32f0xx_hal_uart.o
    0x08002f90   0x08002f90   0x0000005e   Code   RO         2258    i.UART_EndRxTransfer  stm32f0xx_hal_uart.o
    0x08002fee   0x08002fee   0x000000a8   Code   RO         2260    i.UART_RxISR_16BIT  stm32f0xx_hal_uart.o
    0x08003096   0x08003096   0x000000a8   Code   RO         2261    i.UART_RxISR_8BIT   stm32f0xx_hal_uart.o
    0x0800313e   0x0800313e   0x00000002   PAD
    0x08003140   0x08003140   0x00000134   Code   RO         2262    i.UART_SetConfig    stm32f0xx_hal_uart.o
    0x08003274   0x08003274   0x0000009c   Code   RO         2264    i.UART_Start_Receive_IT  stm32f0xx_hal_uart.o
    0x08003310   0x08003310   0x000000d4   Code   RO         2267    i.UART_WaitOnFlagUntilTimeout  stm32f0xx_hal_uart.o
    0x080033e4   0x080033e4   0x0000001c   Code   RO          368    i.USART1_IRQHandler  stm32f0xx_it.o
    0x08003400   0x08003400   0x00000030   Code   RO          881    i.__ARM_common_ll_muluu  stm32f0xx_hal_rcc.o
    0x08003430   0x08003430   0x0000002c   Code   RO         2760    i.__ARM_fpclassify  m_ps.l(fpclassify.o)
    0x0800345c   0x0800345c   0x00000044   Code   RO         1747    i.__NVIC_SetPriority  stm32f0xx_hal_cortex.o
    0x080034a0   0x080034a0   0x000000ac   Code   RO         2762    i.__kernel_poly     m_ps.l(poly.o)
    0x0800354c   0x0800354c   0x00000014   Code   RO         2746    i.__mathlib_dbl_divzero  m_ps.l(dunder.o)
    0x08003560   0x08003560   0x0000000a   Code   RO         2747    i.__mathlib_dbl_infnan  m_ps.l(dunder.o)
    0x0800356a   0x0800356a   0x00000008   Code   RO         2748    i.__mathlib_dbl_infnan2  m_ps.l(dunder.o)
    0x08003572   0x08003572   0x00000010   Code   RO         2749    i.__mathlib_dbl_invalid  m_ps.l(dunder.o)
    0x08003582   0x08003582   0x00000002   PAD
    0x08003584   0x08003584   0x00000014   Code   RO         2750    i.__mathlib_dbl_overflow  m_ps.l(dunder.o)
    0x08003598   0x08003598   0x00000014   Code   RO         2752    i.__mathlib_dbl_underflow  m_ps.l(dunder.o)
    0x080035ac   0x080035ac   0x00000084   Code   RO           17    i.breathe_effect    main.o
    0x08003630   0x08003630   0x00000034   Code   RO           19    i.encode_byte       main.o
    0x08003664   0x08003664   0x0000027c   Code   RO         2704    i.exp               m_ps.l(exp.o)
    0x080038e0   0x080038e0   0x0000002c   Code   RO           20    i.generate_ws_buffer  main.o
    0x0800390c   0x0800390c   0x00000020   Code   RO           21    i.initLEDMOSI       main.o
    0x0800392c   0x0800392c   0x00000074   Code   RO           22    i.main              main.o
    0x080039a0   0x080039a0   0x000009fc   Code   RO         2714    i.pow               m_ps.l(pow.o)
    0x0800439c   0x0800439c   0x00000168   Code   RO           23    i.rainbow_effect_right  main.o
    0x08004504   0x08004504   0x0000001c   Code   RO           24    i.resetPixelColors  main.o
    0x08004520   0x08004520   0x00000022   Code   RO           25    i.setAllPixelColor  main.o
    0x08004542   0x08004542   0x00000020   Code   RO           26    i.setPixelColor     main.o
    0x08004562   0x08004562   0x00000002   PAD
    0x08004564   0x08004564   0x00000048   Code   RO         2766    i.sqrt              m_ps.l(sqrt.o)
    0x080045ac   0x080045ac   0x00000064   Code   RO         2739    x$fpl$dleqf         fz_ps.l(dlef.o)
    0x08004610   0x08004610   0x00000068   Code   RO         2741    x$fpl$drleqf        fz_ps.l(drlef.o)
    0x08004678   0x08004678   0x0000008c   Code   RO         2688    x$fpl$fadd          fz_ps.l(faddsub.o)
    0x08004704   0x08004704   0x000000b0   Code   RO         2701    x$fpl$fmul          fz_ps.l(fmul.o)
    0x080047b4   0x080047b4   0x00000018   Code   RO         2689    x$fpl$frsb          fz_ps.l(faddsub.o)
    0x080047cc   0x080047cc   0x000000d0   Code   RO         2690    x$fpl$fsub          fz_ps.l(faddsub.o)
    0x0800489c   0x0800489c   0x00000000   Code   RO         2745    x$fpl$usenofp       fz_ps.l(usenofp.o)
    0x0800489c   0x0800489c   0x00000400   Data   RO           28    .constdata          main.o
    0x08004c9c   0x08004c9c   0x00000010   Data   RO         2630    .constdata          system_stm32f0xx.o
    0x08004cac   0x08004cac   0x00000008   Data   RO         2631    .constdata          system_stm32f0xx.o
    0x08004cb4   0x08004cb4   0x00000040   Data   RO         2695    .constdata          fz_ps.l(fdiv.o)
    0x08004cf4   0x08004cf4   0x00000004   PAD
    0x08004cf8   0x08004cf8   0x00000058   Data   RO         2705    .constdata          m_ps.l(exp.o)
    0x08004d50   0x08004d50   0x00000088   Data   RO         2715    .constdata          m_ps.l(pow.o)
    0x08004dd8   0x08004dd8   0x00000080   Data   RO         2735    .constdata          fz_ps.l(ddiv.o)
    0x08004e58   0x08004e58   0x00000008   Data   RO         2764    .constdata          m_ps.l(qnan.o)
    0x08004e60   0x08004e60   0x00000020   Data   RO         2950    Region$$Table       anon$$obj.o


    Execution Region RW_IRAM1 (Exec base: 0x20000000, Load base: 0x08004e80, Size: 0x00000ce8, Max: 0x00002000, ABSOLUTE)

    Exec Addr    Load Addr    Size         Type   Attr      Idx    E Section Name        Object

    0x20000000   0x08004e80   0x0000001c   Data   RW           29    .data               main.o
    0x2000001c   0x08004e9c   0x0000000c   Data   RW          944    .data               stm32f0xx_hal.o
    0x20000028   0x08004ea8   0x00000004   Data   RW         2632    .data               system_stm32f0xx.o
    0x2000002c        -       0x000004ec   Zero   RW           27    .bss                main.o
    0x20000518        -       0x000000a8   Zero   RW          287    .bss                spi.o
    0x200005c0        -       0x000000c8   Zero   RW          325    .bss                usart.o
    0x20000688        -       0x00000060   Zero   RW         2800    .bss                c_p.l(libspace.o)
    0x200006e8        -       0x00000200   Zero   RW            2    HEAP                startup_stm32f030x8.o
    0x200008e8        -       0x00000400   Zero   RW            1    STACK               startup_stm32f030x8.o


==============================================================================

Image component sizes


      Code (inc. data)   RO Data    RW Data    ZI Data      Debug   Object Name

        56          4          0          0          0        750   dma.o
       104          6          0          0          0        899   gpio.o
      1096         72       1024         28       1260     257280   main.o
       264         30          0          0        168       1758   spi.o
        56         26        180          0       1536        640   startup_stm32f030x8.o
       164         30          0         12          0       7917   stm32f0xx_hal.o
       148         24          0          0          0      10321   stm32f0xx_hal_cortex.o
       558         16          0          0          0       5462   stm32f0xx_hal_dma.o
       432         24          0          0          0       2140   stm32f0xx_hal_gpio.o
        40          6          0          0          0        830   stm32f0xx_hal_msp.o
      1376         92          0          0          0       4649   stm32f0xx_hal_rcc.o
       232         14          0          0          0       1364   stm32f0xx_hal_rcc_ex.o
      1758         26          0          0          0      11888   stm32f0xx_hal_spi.o
      2292         58          0          0          0      19145   stm32f0xx_hal_uart.o
        92         26          0          0          0       4019   stm32f0xx_it.o
         2          0         24          4          0       1123   system_stm32f0xx.o
       256         30          0          0        200       1757   usart.o

    ----------------------------------------------------------------------
      8944        484       1260         44       3164     331942   Object Totals
         0          0         32          0          0          0   (incl. Generated)
        18          0          0          0          0          0   (incl. Padding)

    ----------------------------------------------------------------------

      Code (inc. data)   RO Data    RW Data    ZI Data      Debug   Library Member Name

         8          0          0          0          0         68   __main.o
         0          0          0          0          0          0   __rtentry.o
        12          0          0          0          0          0   __rtentry2.o
         6          0          0          0          0          0   __rtentry4.o
        60          8          0          0          0          0   __scatter.o
        26          0          0          0          0          0   __scatter_copy.o
        28          0          0          0          0          0   __scatter_zi.o
        22          0          0          0          0         92   _rserrno.o
       346          0          0          0          0         92   aeabi_sdiv.o
        16          0          0          0          0         68   exit.o
         6          0          0          0          0        136   heapauxi.o
         0          0          0          0          0          0   indicate_semi.o
         2          0          0          0          0          0   libinit.o
         2          0          0          0          0          0   libinit2.o
         2          0          0          0          0          0   libshutdown.o
         2          0          0          0          0          0   libshutdown2.o
         8          4          0          0         96         68   libspace.o
       258          0          0          0          0         88   lludiv.o
         8          4          0          0          0         68   rt_errno_addr_intlibspace.o
        64          0          0          0          0        108   rt_memclr.o
         2          0          0          0          0          0   rtexit.o
        10          0          0          0          0          0   rtexit2.o
        12          4          0          0          0         60   sys_exit.o
        62          0          0          0          0         80   sys_stackheap_outer.o
         2          0          0          0          0         68   use_no_semi.o
        46          0          0          0          0         60   cmpret.o
       124          4          0          0          0         72   d2f.o
       856         20          0          0          0        208   daddsub.o
       144          4          0          0          0         76   dcmpin.o
      1096         26        128          0          0        112   ddiv.o
       108         10          0          0          0         72   dfixi.o
        72          4          0          0          0         68   dfixui.o
        88          0          0          0          0         92   dflti.o
       100          4          0          0          0         92   dlef.o
       584         26          0          0          0         84   dmul.o
        20          6          0          0          0         68   dnan2.o
       104          4          0          0          0        104   drlef.o
        96         12          0          0          0         72   dscalbn.o
       256          8          0          0          0         76   dsqrt.o
        84          4          0          0          0         60   f2d.o
       372          8          0          0          0        240   faddsub.o
       352         10         64          0          0         92   fdiv.o
        48          0          0          0          0         60   ffixui.o
        94          0          0          0          0         92   fflti.o
       176          4          0          0          0         80   fmul.o
        94          0          0          0          0         68   retnan.o
         0          0          0          0          0          0   usenofp.o
        94         14          0          0          0        408   dunder.o
       636         94         88          0          0        132   exp.o
        44          4          0          0          0         60   fpclassify.o
       172          0          0          0          0         76   poly.o
      2556        196        136          0          0        240   pow.o
         0          0          8          0          0          0   qnan.o
        72          6          0          0          0         76   sqrt.o

    ----------------------------------------------------------------------
      9464        488        428          0         96       3936   Library Totals
        12          0          4          0          0          0   (incl. Padding)

    ----------------------------------------------------------------------

      Code (inc. data)   RO Data    RW Data    ZI Data      Debug   Library Name

       964         20          0          0         96        996   c_p.l
      4914        154        192          0          0       1948   fz_ps.l
      3574        314        232          0          0        992   m_ps.l

    ----------------------------------------------------------------------
      9464        488        428          0         96       3936   Library Totals

    ----------------------------------------------------------------------

==============================================================================


      Code (inc. data)   RO Data    RW Data    ZI Data      Debug   

     18408        972       1688         44       3260     330442   Grand Totals
     18408        972       1688         44       3260     330442   ELF Image Totals
     18408        972       1688         44          0          0   ROM Totals

==============================================================================

    Total RO  Size (Code + RO Data)                20096 (  19.63kB)
    Total RW  Size (RW Data + ZI Data)              3304 (   3.23kB)
    Total ROM Size (Code + RO Data + RW Data)      20140 (  19.67kB)

==============================================================================

